<?xml version="1.0" encoding="UTF-8"?>
<TestRun id="5c917f46-71f2-45ff-99cd-062979a2a428" name="Putnik@PUTNIK-PK 2012-06-21 00:17:23" runUser="Putnik-Pk\Putnik" xmlns="http://microsoft.com/schemas/VisualStudio/TeamTest/2010">
  <TestSettings name="Local" id="22fcd1b1-de5e-47bf-9496-00c7fd2f38f4">
    <Description>These are default test settings for a local test run.</Description>
    <Deployment enabled="false" runDeploymentRoot="Putnik_PUTNIK-PK 2012-06-21 00_17_23">
      <DeploymentItem filename="c:\users\putnik\documents\visual studio 11\Projects\TemplateTask\TemplateTask\bin\Debug\TemplateTask.exe" />
    </Deployment>
    <Execution>
      <TestTypeSpecific />
      <AgentRule name="Execution Agents">
      </AgentRule>
    </Execution>
  </TestSettings>
  <Times creation="2012-06-21T00:17:23.3282000+03:00" queuing="2012-06-21T00:17:26.2804000+03:00" start="2012-06-21T00:17:26.4832000+03:00" finish="2012-06-21T00:18:43.2634000+03:00" />
  <ResultSummary outcome="Error">
    <Counters total="3" executed="1" error="0" failed="0" timeout="0" aborted="1" inconclusive="0" passedButRunAborted="0" notRunnable="0" notExecuted="2" disconnected="0" warning="0" passed="0" completed="0" inProgress="0" pending="0" />
    <RunInfos>
      <RunInfo computerName="PUTNIK-PK" outcome="Warning" timestamp="2012-06-21T00:17:23.4686000+03:00">
        <Text>Deployment is currently disabled. The deployment item 'TemplateTask.exe' on test 'TestProject.ProgramTest.ProgramConstructorTest' was not deployed.</Text>
      </RunInfo>
      <RunInfo computerName="PUTNIK-PK" outcome="Error" timestamp="2012-06-21T00:18:43.2166000+03:00">
        <Text>Test host process exited unexpectedly.</Text>
      </RunInfo>
    </RunInfos>
  </ResultSummary>
  <TestDefinitions>
    <UnitTest name="ProgramConstructorTest" storage="c:\users\putnik\documents\visual studio 11\projects\templatetask\testproject\bin\debug\testproject.dll" id="fe8e1ed9-031a-cb7f-9647-c12561366105">
      <DeploymentItems>
        <DeploymentItem filename="TemplateTask.exe" />
      </DeploymentItems>
      <Execution id="7f7e6235-ade9-440e-ae72-4da87de9db5a" />
      <TestMethod codeBase="c:/users/putnik/documents/visual studio 11/Projects/TemplateTask/TestProject/bin/Debug/TestProject.DLL" adapterTypeName="Microsoft.VisualStudio.TestTools.TestTypes.Unit.UnitTestAdapter, Microsoft.VisualStudio.QualityTools.Tips.UnitTest.Adapter, Version=11.0.0.0, Culture=neutral, PublicKeyToken=b03f5f7f11d50a3a" className="TestProject.ProgramTest, TestProject, Version=1.0.0.0, Culture=neutral, PublicKeyToken=null" name="ProgramConstructorTest" />
    </UnitTest>
    <UnitTest name="MainTest" storage="c:\users\putnik\documents\visual studio 11\projects\templatetask\testproject\bin\debug\testproject.dll" id="b4e05061-4fe6-a875-dbeb-a3814a9e10d5">
      <DeploymentItems>
        <DeploymentItem filename="TemplateTask.exe" />
      </DeploymentItems>
      <Execution id="8303c721-6802-4322-8558-fb9a7528c6fd" />
      <TestMethod codeBase="c:/users/putnik/documents/visual studio 11/Projects/TemplateTask/TestProject/bin/Debug/TestProject.DLL" adapterTypeName="Microsoft.VisualStudio.TestTools.TestTypes.Unit.UnitTestAdapter, Microsoft.VisualStudio.QualityTools.Tips.UnitTest.Adapter, Version=11.0.0.0, Culture=neutral, PublicKeyToken=b03f5f7f11d50a3a" className="TestProject.ProgramTest, TestProject, Version=1.0.0.0, Culture=neutral, PublicKeyToken=null" name="MainTest" />
    </UnitTest>
    <UnitTest name="RenderTest" storage="c:\users\putnik\documents\visual studio 11\projects\templatetask\testproject\bin\debug\testproject.dll" id="c617a7a2-94ff-3af8-09c1-2cb4b30c8330">
      <DeploymentItems>
        <DeploymentItem filename="TemplateTask.exe" />
      </DeploymentItems>
      <Execution id="15c84989-7c9d-4764-878a-933063559b77" />
      <TestMethod codeBase="c:/users/putnik/documents/visual studio 11/Projects/TemplateTask/TestProject/bin/Debug/TestProject.DLL" adapterTypeName="Microsoft.VisualStudio.TestTools.TestTypes.Unit.UnitTestAdapter, Microsoft.VisualStudio.QualityTools.Tips.UnitTest.Adapter, Version=11.0.0.0, Culture=neutral, PublicKeyToken=b03f5f7f11d50a3a" className="TestProject.ProgramTest, TestProject, Version=1.0.0.0, Culture=neutral, PublicKeyToken=null" name="RenderTest" />
    </UnitTest>
  </TestDefinitions>
  <TestLists>
    <TestList name="Results Not in a List" id="8c84fa94-04c1-424b-9868-57a2d4851a1d" />
    <TestList name="All Loaded Results" id="19431567-8539-422a-85d7-44ee4e166bda" />
  </TestLists>
  <TestEntries>
    <TestEntry testId="b4e05061-4fe6-a875-dbeb-a3814a9e10d5" executionId="8303c721-6802-4322-8558-fb9a7528c6fd" testListId="8c84fa94-04c1-424b-9868-57a2d4851a1d" />
    <TestEntry testId="c617a7a2-94ff-3af8-09c1-2cb4b30c8330" executionId="15c84989-7c9d-4764-878a-933063559b77" testListId="8c84fa94-04c1-424b-9868-57a2d4851a1d" />
    <TestEntry testId="fe8e1ed9-031a-cb7f-9647-c12561366105" executionId="7f7e6235-ade9-440e-ae72-4da87de9db5a" testListId="8c84fa94-04c1-424b-9868-57a2d4851a1d" />
  </TestEntries>
  <Results>
    <UnitTestResult executionId="8303c721-6802-4322-8558-fb9a7528c6fd" testId="b4e05061-4fe6-a875-dbeb-a3814a9e10d5" testName="MainTest" computerName="PUTNIK-PK" duration="00:01:16.7022000" startTime="2012-06-21T00:17:26.5612000+03:00" endTime="2012-06-21T00:18:43.2634000+03:00" testType="13cdc9d9-ddb5-4fa4-a97d-d965ccfc6d4b" outcome="Aborted" testListId="8c84fa94-04c1-424b-9868-57a2d4851a1d" relativeResultsDirectory="8303c721-6802-4322-8558-fb9a7528c6fd">
    </UnitTestResult>
    <UnitTestResult executionId="15c84989-7c9d-4764-878a-933063559b77" testId="c617a7a2-94ff-3af8-09c1-2cb4b30c8330" testName="RenderTest" computerName="PUTNIK-PK" testType="13cdc9d9-ddb5-4fa4-a97d-d965ccfc6d4b" outcome="NotExecuted" testListId="8c84fa94-04c1-424b-9868-57a2d4851a1d" relativeResultsDirectory="15c84989-7c9d-4764-878a-933063559b77">
    </UnitTestResult>
    <UnitTestResult executionId="7f7e6235-ade9-440e-ae72-4da87de9db5a" testId="fe8e1ed9-031a-cb7f-9647-c12561366105" testName="ProgramConstructorTest" computerName="PUTNIK-PK" testType="13cdc9d9-ddb5-4fa4-a97d-d965ccfc6d4b" outcome="NotExecuted" testListId="8c84fa94-04c1-424b-9868-57a2d4851a1d" relativeResultsDirectory="7f7e6235-ade9-440e-ae72-4da87de9db5a">
    </UnitTestResult>
  </Results>
</TestRun>