<?xml version="1.0" encoding="UTF-8"?>
<TestRun id="b58c122c-9f73-4124-9296-dec7cc6f07e4" name="Putnik@PUTNIK-PK 2012-06-20 22:35:58" runUser="Putnik-Pk\Putnik" xmlns="http://microsoft.com/schemas/VisualStudio/TeamTest/2010">
  <TestSettings name="Local" id="22fcd1b1-de5e-47bf-9496-00c7fd2f38f4">
    <Description>These are default test settings for a local test run.</Description>
    <Deployment enabled="false" runDeploymentRoot="Putnik_PUTNIK-PK 2012-06-20 22_35_58">
      <DeploymentItem filename="c:\users\putnik\documents\visual studio 11\Projects\TemplateTask\TemplateTask\bin\Debug\TemplateTask.exe" />
    </Deployment>
    <Execution>
      <TestTypeSpecific />
      <AgentRule name="Execution Agents">
      </AgentRule>
    </Execution>
  </TestSettings>
  <Times creation="2012-06-20T22:35:58.7378000+03:00" queuing="2012-06-20T22:35:58.8778000+03:00" start="2012-06-20T22:35:58.8978000+03:00" finish="2012-06-20T22:35:59.4478000+03:00" />
  <ResultSummary outcome="Inconclusive">
    <Counters total="3" executed="3" error="0" failed="0" timeout="0" aborted="0" inconclusive="3" passedButRunAborted="0" notRunnable="0" notExecuted="0" disconnected="0" warning="0" passed="0" completed="0" inProgress="0" pending="0" />
    <RunInfos>
      <RunInfo computerName="PUTNIK-PK" outcome="Warning" timestamp="2012-06-20T22:35:58.8778000+03:00">
        <Text>Deployment is currently disabled. The deployment item 'TemplateTask.exe' on test 'UnitTests.ProgramTest.RenderTest' was not deployed.</Text>
      </RunInfo>
    </RunInfos>
  </ResultSummary>
  <TestDefinitions>
    <UnitTest name="RenderTest" storage="c:\users\putnik\documents\visual studio 11\projects\templatetask\unittests\bin\debug\unittests.dll" id="5cd59b92-49fd-f038-770c-c02c8fb34bb7">
      <DeploymentItems>
        <DeploymentItem filename="TemplateTask.exe" />
      </DeploymentItems>
      <Execution id="e8c23cbd-a189-4979-81f3-6358d8e35cdf" />
      <TestMethod codeBase="c:/users/putnik/documents/visual studio 11/Projects/TemplateTask/UnitTests/bin/Debug/UnitTests.DLL" adapterTypeName="Microsoft.VisualStudio.TestTools.TestTypes.Unit.UnitTestAdapter, Microsoft.VisualStudio.QualityTools.Tips.UnitTest.Adapter, Version=11.0.0.0, Culture=neutral, PublicKeyToken=b03f5f7f11d50a3a" className="UnitTests.ProgramTest, UnitTests, Version=1.0.0.0, Culture=neutral, PublicKeyToken=null" name="RenderTest" />
    </UnitTest>
    <UnitTest name="ProgramConstructorTest" storage="c:\users\putnik\documents\visual studio 11\projects\templatetask\unittests\bin\debug\unittests.dll" id="080e9ac2-cdb6-aa21-3bd5-0b70615a2fd8">
      <DeploymentItems>
        <DeploymentItem filename="TemplateTask.exe" />
      </DeploymentItems>
      <Execution id="db599bed-7f3e-421b-a68b-7f725d79065d" />
      <TestMethod codeBase="c:/users/putnik/documents/visual studio 11/Projects/TemplateTask/UnitTests/bin/Debug/UnitTests.DLL" adapterTypeName="Microsoft.VisualStudio.TestTools.TestTypes.Unit.UnitTestAdapter, Microsoft.VisualStudio.QualityTools.Tips.UnitTest.Adapter, Version=11.0.0.0, Culture=neutral, PublicKeyToken=b03f5f7f11d50a3a" className="UnitTests.ProgramTest, UnitTests, Version=1.0.0.0, Culture=neutral, PublicKeyToken=null" name="ProgramConstructorTest" />
    </UnitTest>
    <UnitTest name="MainTest" storage="c:\users\putnik\documents\visual studio 11\projects\templatetask\unittests\bin\debug\unittests.dll" id="e8d83070-036a-7184-ddfe-8143672ffaaf">
      <DeploymentItems>
        <DeploymentItem filename="TemplateTask.exe" />
      </DeploymentItems>
      <Execution id="30a74e96-9af4-451f-88cc-88b00a7529c0" />
      <TestMethod codeBase="c:/users/putnik/documents/visual studio 11/Projects/TemplateTask/UnitTests/bin/Debug/UnitTests.DLL" adapterTypeName="Microsoft.VisualStudio.TestTools.TestTypes.Unit.UnitTestAdapter, Microsoft.VisualStudio.QualityTools.Tips.UnitTest.Adapter, Version=11.0.0.0, Culture=neutral, PublicKeyToken=b03f5f7f11d50a3a" className="UnitTests.ProgramTest, UnitTests, Version=1.0.0.0, Culture=neutral, PublicKeyToken=null" name="MainTest" />
    </UnitTest>
  </TestDefinitions>
  <TestLists>
    <TestList name="Results Not in a List" id="8c84fa94-04c1-424b-9868-57a2d4851a1d" />
    <TestList name="All Loaded Results" id="19431567-8539-422a-85d7-44ee4e166bda" />
  </TestLists>
  <TestEntries>
    <TestEntry testId="080e9ac2-cdb6-aa21-3bd5-0b70615a2fd8" executionId="db599bed-7f3e-421b-a68b-7f725d79065d" testListId="8c84fa94-04c1-424b-9868-57a2d4851a1d" />
    <TestEntry testId="5cd59b92-49fd-f038-770c-c02c8fb34bb7" executionId="e8c23cbd-a189-4979-81f3-6358d8e35cdf" testListId="8c84fa94-04c1-424b-9868-57a2d4851a1d" />
    <TestEntry testId="e8d83070-036a-7184-ddfe-8143672ffaaf" executionId="30a74e96-9af4-451f-88cc-88b00a7529c0" testListId="8c84fa94-04c1-424b-9868-57a2d4851a1d" />
  </TestEntries>
  <Results>
    <UnitTestResult executionId="db599bed-7f3e-421b-a68b-7f725d79065d" testId="080e9ac2-cdb6-aa21-3bd5-0b70615a2fd8" testName="ProgramConstructorTest" computerName="PUTNIK-PK" duration="00:00:00.0411210" startTime="2012-06-20T22:35:58.9178000+03:00" endTime="2012-06-20T22:35:59.3578000+03:00" testType="13cdc9d9-ddb5-4fa4-a97d-d965ccfc6d4b" outcome="Inconclusive" testListId="8c84fa94-04c1-424b-9868-57a2d4851a1d" relativeResultsDirectory="db599bed-7f3e-421b-a68b-7f725d79065d">
      <Output>
        <ErrorInfo>
          <Message>Assert.Inconclusive failed. TODO: Implement code to verify target</Message>
          <StackTrace>   в UnitTests.ProgramTest.ProgramConstructorTest() в c:\Users\Putnik\Documents\Visual Studio 11\Projects\TemplateTask\UnitTests\ProgramTest.cs:строка 75
</StackTrace>
        </ErrorInfo>
      </Output>
    </UnitTestResult>
    <UnitTestResult executionId="e8c23cbd-a189-4979-81f3-6358d8e35cdf" testId="5cd59b92-49fd-f038-770c-c02c8fb34bb7" testName="RenderTest" computerName="PUTNIK-PK" duration="00:00:00.0056945" startTime="2012-06-20T22:35:59.3678000+03:00" endTime="2012-06-20T22:35:59.3878000+03:00" testType="13cdc9d9-ddb5-4fa4-a97d-d965ccfc6d4b" outcome="Inconclusive" testListId="8c84fa94-04c1-424b-9868-57a2d4851a1d" relativeResultsDirectory="e8c23cbd-a189-4979-81f3-6358d8e35cdf">
      <Output>
        <ErrorInfo>
          <Message>Assert.Inconclusive failed. A method that does not return a value cannot be verified.</Message>
          <StackTrace>   в UnitTests.ProgramTest.RenderTest() в c:\Users\Putnik\Documents\Visual Studio 11\Projects\TemplateTask\UnitTests\ProgramTest.cs:строка 99
</StackTrace>
        </ErrorInfo>
      </Output>
    </UnitTestResult>
    <UnitTestResult executionId="30a74e96-9af4-451f-88cc-88b00a7529c0" testId="e8d83070-036a-7184-ddfe-8143672ffaaf" testName="MainTest" computerName="PUTNIK-PK" duration="00:00:00.0017226" startTime="2012-06-20T22:35:59.3978000+03:00" endTime="2012-06-20T22:35:59.4078000+03:00" testType="13cdc9d9-ddb5-4fa4-a97d-d965ccfc6d4b" outcome="Inconclusive" testListId="8c84fa94-04c1-424b-9868-57a2d4851a1d" relativeResultsDirectory="30a74e96-9af4-451f-88cc-88b00a7529c0">
      <Output>
        <ErrorInfo>
          <Message>Assert.Inconclusive failed. A method that does not return a value cannot be verified.</Message>
          <StackTrace>   в UnitTests.ProgramTest.MainTest() в c:\Users\Putnik\Documents\Visual Studio 11\Projects\TemplateTask\UnitTests\ProgramTest.cs:строка 87
</StackTrace>
        </ErrorInfo>
      </Output>
    </UnitTestResult>
  </Results>
</TestRun>