<?xml version="1.0" encoding="UTF-8"?>
<TestRun id="a296de43-d73f-4dd0-91c8-5c122d634dc1" name="Putnik@PUTNIK-PK 2012-06-24 16:35:23" runUser="Putnik-Pk\Putnik" xmlns="http://microsoft.com/schemas/VisualStudio/TeamTest/2010">
  <TestSettings name="Local" id="22fcd1b1-de5e-47bf-9496-00c7fd2f38f4">
    <Description>These are default test settings for a local test run.</Description>
    <Deployment enabled="false" runDeploymentRoot="Putnik_PUTNIK-PK 2012-06-24 16_35_23">
      <DeploymentItem filename="C:\Users\Putnik\Documents\Visual Studio 11\Projects\TemplateTask\TemplateTask\bin\Debug\TemplateTask.exe" />
    </Deployment>
    <Execution>
      <TestTypeSpecific />
      <AgentRule name="Execution Agents">
      </AgentRule>
    </Execution>
  </TestSettings>
  <Times creation="2012-06-24T16:35:23.0872000+03:00" queuing="2012-06-24T16:35:30.1642000+03:00" start="2012-06-24T16:35:30.6922000+03:00" finish="2012-06-24T16:40:40.2332000+03:00" />
  <ResultSummary outcome="Error">
    <Counters total="12" executed="1" error="0" failed="0" timeout="0" aborted="1" inconclusive="0" passedButRunAborted="0" notRunnable="0" notExecuted="11" disconnected="0" warning="0" passed="0" completed="0" inProgress="0" pending="0" />
    <RunInfos>
      <RunInfo computerName="PUTNIK-PK" outcome="Error" timestamp="2012-06-24T16:40:40.1812000+03:00">
        <Text>Test host process exited unexpectedly.</Text>
      </RunInfo>
    </RunInfos>
  </ResultSummary>
  <TestDefinitions>
    <UnitTest name="ProcessRequestConstructorTest" storage="c:\users\putnik\documents\visual studio 11\projects\templatetask\unittest\bin\debug\unittest.dll" id="450836f0-8294-ed1d-0695-6b8e9f5b1060">
      <Execution id="f93eb1b9-5746-4774-86ba-fcb4db7e5c43" />
      <TestMethod codeBase="C:/Users/Putnik/Documents/Visual Studio 11/Projects/TemplateTask/UnitTest/bin/Debug/UnitTest.DLL" adapterTypeName="Microsoft.VisualStudio.TestTools.TestTypes.Unit.UnitTestAdapter, Microsoft.VisualStudio.QualityTools.Tips.UnitTest.Adapter, Version=11.0.0.0, Culture=neutral, PublicKeyToken=b03f5f7f11d50a3a" className="UnitTest.ProcessRequestTest, UnitTest, Version=1.0.0.0, Culture=neutral, PublicKeyToken=null" name="ProcessRequestConstructorTest" />
    </UnitTest>
    <UnitTest name="DummyTemplateConstructorTest1" storage="c:\users\putnik\documents\visual studio 11\projects\templatetask\unittest\bin\debug\unittest.dll" id="6d45c867-384c-c120-00ce-ffd4a88c800e">
      <DeploymentItems>
        <DeploymentItem filename="TemplateTask.exe" />
      </DeploymentItems>
      <Execution id="03fee2f9-3337-4e7f-bf7f-bf5e16bea9a2" />
      <TestMethod codeBase="C:/Users/Putnik/Documents/Visual Studio 11/Projects/TemplateTask/UnitTest/bin/Debug/UnitTest.DLL" adapterTypeName="Microsoft.VisualStudio.TestTools.TestTypes.Unit.UnitTestAdapter, Microsoft.VisualStudio.QualityTools.Tips.UnitTest.Adapter, Version=11.0.0.0, Culture=neutral, PublicKeyToken=b03f5f7f11d50a3a" className="UnitTest.DummyTemplateTest, UnitTest, Version=1.0.0.0, Culture=neutral, PublicKeyToken=null" name="DummyTemplateConstructorTest1" />
    </UnitTest>
    <UnitTest name="MainTest" storage="c:\users\putnik\documents\visual studio 11\projects\templatetask\unittest\bin\debug\unittest.dll" id="c814c22a-edb2-7ff0-db48-645329fa8cdb">
      <DeploymentItems>
        <DeploymentItem filename="TemplateTask.exe" />
      </DeploymentItems>
      <Execution id="3caaca1a-57d2-4ec1-9bd7-4156827eca88" />
      <TestMethod codeBase="C:/Users/Putnik/Documents/Visual Studio 11/Projects/TemplateTask/UnitTest/bin/Debug/UnitTest.DLL" adapterTypeName="Microsoft.VisualStudio.TestTools.TestTypes.Unit.UnitTestAdapter, Microsoft.VisualStudio.QualityTools.Tips.UnitTest.Adapter, Version=11.0.0.0, Culture=neutral, PublicKeyToken=b03f5f7f11d50a3a" className="UnitTest.DummyTemplateTest, UnitTest, Version=1.0.0.0, Culture=neutral, PublicKeyToken=null" name="MainTest" />
    </UnitTest>
    <UnitTest name="createArrayTest" storage="c:\users\putnik\documents\visual studio 11\projects\templatetask\unittest\bin\debug\unittest.dll" id="a749dd16-f9f6-8d26-5f56-c891201377e4">
      <DeploymentItems>
        <DeploymentItem filename="TemplateTask.exe" />
      </DeploymentItems>
      <Execution id="13193ac7-f29c-4270-9895-dbbbca696da9" />
      <TestMethod codeBase="C:/Users/Putnik/Documents/Visual Studio 11/Projects/TemplateTask/UnitTest/bin/Debug/UnitTest.DLL" adapterTypeName="Microsoft.VisualStudio.TestTools.TestTypes.Unit.UnitTestAdapter, Microsoft.VisualStudio.QualityTools.Tips.UnitTest.Adapter, Version=11.0.0.0, Culture=neutral, PublicKeyToken=b03f5f7f11d50a3a" className="UnitTest.RegularDBTest, UnitTest, Version=1.0.0.0, Culture=neutral, PublicKeyToken=null" name="createArrayTest" />
    </UnitTest>
    <UnitTest name="equalsTest" storage="c:\users\putnik\documents\visual studio 11\projects\templatetask\unittest\bin\debug\unittest.dll" id="97a1c7de-3225-8ef7-ccc8-2365a1ea1261">
      <DeploymentItems>
        <DeploymentItem filename="TemplateTask.exe" />
      </DeploymentItems>
      <Execution id="1a5594dc-e981-4e6e-bc90-f70577688a25" />
      <TestMethod codeBase="C:/Users/Putnik/Documents/Visual Studio 11/Projects/TemplateTask/UnitTest/bin/Debug/UnitTest.DLL" adapterTypeName="Microsoft.VisualStudio.TestTools.TestTypes.Unit.UnitTestAdapter, Microsoft.VisualStudio.QualityTools.Tips.UnitTest.Adapter, Version=11.0.0.0, Culture=neutral, PublicKeyToken=b03f5f7f11d50a3a" className="UnitTest.ProcessRequestTest, UnitTest, Version=1.0.0.0, Culture=neutral, PublicKeyToken=null" name="equalsTest" />
    </UnitTest>
    <UnitTest name="responseTest" storage="c:\users\putnik\documents\visual studio 11\projects\templatetask\unittest\bin\debug\unittest.dll" id="ed902f38-f48c-1b78-754a-789cfa46d016">
      <Execution id="4399391d-3140-4898-879e-439a0df0434e" />
      <TestMethod codeBase="C:/Users/Putnik/Documents/Visual Studio 11/Projects/TemplateTask/UnitTest/bin/Debug/UnitTest.DLL" adapterTypeName="Microsoft.VisualStudio.TestTools.TestTypes.Unit.UnitTestAdapter, Microsoft.VisualStudio.QualityTools.Tips.UnitTest.Adapter, Version=11.0.0.0, Culture=neutral, PublicKeyToken=b03f5f7f11d50a3a" className="UnitTest.ProcessRequestTest, UnitTest, Version=1.0.0.0, Culture=neutral, PublicKeyToken=null" name="responseTest" />
    </UnitTest>
    <UnitTest name="DummyTemplateConstructorTest" storage="c:\users\putnik\documents\visual studio 11\projects\templatetask\unittest\bin\debug\unittest.dll" id="ca86087a-cbb1-a235-f9ac-37fa25758ebd">
      <Execution id="f5f5d111-e0d6-4f51-a0c2-a33011dc7c37" />
      <TestMethod codeBase="C:/Users/Putnik/Documents/Visual Studio 11/Projects/TemplateTask/UnitTest/bin/Debug/UnitTest.DLL" adapterTypeName="Microsoft.VisualStudio.TestTools.TestTypes.Unit.UnitTestAdapter, Microsoft.VisualStudio.QualityTools.Tips.UnitTest.Adapter, Version=11.0.0.0, Culture=neutral, PublicKeyToken=b03f5f7f11d50a3a" className="UnitTest.DummyTemplateTest, UnitTest, Version=1.0.0.0, Culture=neutral, PublicKeyToken=null" name="DummyTemplateConstructorTest" />
    </UnitTest>
    <UnitTest name="requestTest" storage="c:\users\putnik\documents\visual studio 11\projects\templatetask\unittest\bin\debug\unittest.dll" id="f53cd794-031a-2768-88e8-ea9433585694">
      <Execution id="07cb9255-4636-450f-bacd-9e05c903dc70" />
      <TestMethod codeBase="C:/Users/Putnik/Documents/Visual Studio 11/Projects/TemplateTask/UnitTest/bin/Debug/UnitTest.DLL" adapterTypeName="Microsoft.VisualStudio.TestTools.TestTypes.Unit.UnitTestAdapter, Microsoft.VisualStudio.QualityTools.Tips.UnitTest.Adapter, Version=11.0.0.0, Culture=neutral, PublicKeyToken=b03f5f7f11d50a3a" className="UnitTest.ProcessRequestTest, UnitTest, Version=1.0.0.0, Culture=neutral, PublicKeyToken=null" name="requestTest" />
    </UnitTest>
    <UnitTest name="RenderTest" storage="c:\users\putnik\documents\visual studio 11\projects\templatetask\unittest\bin\debug\unittest.dll" id="45cac9ed-2b36-2fbf-286b-e3386c1fd6c8">
      <Execution id="b26f4657-dad0-43e6-b9a0-04a3ccac02df" />
      <TestMethod codeBase="C:/Users/Putnik/Documents/Visual Studio 11/Projects/TemplateTask/UnitTest/bin/Debug/UnitTest.DLL" adapterTypeName="Microsoft.VisualStudio.TestTools.TestTypes.Unit.UnitTestAdapter, Microsoft.VisualStudio.QualityTools.Tips.UnitTest.Adapter, Version=11.0.0.0, Culture=neutral, PublicKeyToken=b03f5f7f11d50a3a" className="UnitTest.ITemplateTest, UnitTest, Version=1.0.0.0, Culture=neutral, PublicKeyToken=null" name="RenderTest" />
    </UnitTest>
    <UnitTest name="RenderTest" storage="c:\users\putnik\documents\visual studio 11\projects\templatetask\unittest\bin\debug\unittest.dll" id="f0cb0783-e9de-7d9d-6b95-66c140fed437">
      <Execution id="50653938-c1f4-4970-9755-02e59763d7df" />
      <TestMethod codeBase="C:/Users/Putnik/Documents/Visual Studio 11/Projects/TemplateTask/UnitTest/bin/Debug/UnitTest.DLL" adapterTypeName="Microsoft.VisualStudio.TestTools.TestTypes.Unit.UnitTestAdapter, Microsoft.VisualStudio.QualityTools.Tips.UnitTest.Adapter, Version=11.0.0.0, Culture=neutral, PublicKeyToken=b03f5f7f11d50a3a" className="UnitTest.DummyTemplateTest, UnitTest, Version=1.0.0.0, Culture=neutral, PublicKeyToken=null" name="RenderTest" />
    </UnitTest>
    <UnitTest name="getInstanceTest" storage="c:\users\putnik\documents\visual studio 11\projects\templatetask\unittest\bin\debug\unittest.dll" id="a118f490-a94e-4a83-943c-96333ec4f0fc">
      <Execution id="c7b4e16d-7a9f-4d59-800d-02bfa5f0ff24" />
      <TestMethod codeBase="C:/Users/Putnik/Documents/Visual Studio 11/Projects/TemplateTask/UnitTest/bin/Debug/UnitTest.DLL" adapterTypeName="Microsoft.VisualStudio.TestTools.TestTypes.Unit.UnitTestAdapter, Microsoft.VisualStudio.QualityTools.Tips.UnitTest.Adapter, Version=11.0.0.0, Culture=neutral, PublicKeyToken=b03f5f7f11d50a3a" className="UnitTest.RegularDBTest, UnitTest, Version=1.0.0.0, Culture=neutral, PublicKeyToken=null" name="getInstanceTest" />
    </UnitTest>
    <UnitTest name="RegularDBConstructorTest" storage="c:\users\putnik\documents\visual studio 11\projects\templatetask\unittest\bin\debug\unittest.dll" id="3a94c597-c65a-2e03-f6fe-4555e138bd55">
      <DeploymentItems>
        <DeploymentItem filename="TemplateTask.exe" />
      </DeploymentItems>
      <Execution id="e4a18ad3-ed0c-4481-a3f2-aca0ea62bd2d" />
      <TestMethod codeBase="C:/Users/Putnik/Documents/Visual Studio 11/Projects/TemplateTask/UnitTest/bin/Debug/UnitTest.DLL" adapterTypeName="Microsoft.VisualStudio.TestTools.TestTypes.Unit.UnitTestAdapter, Microsoft.VisualStudio.QualityTools.Tips.UnitTest.Adapter, Version=11.0.0.0, Culture=neutral, PublicKeyToken=b03f5f7f11d50a3a" className="UnitTest.RegularDBTest, UnitTest, Version=1.0.0.0, Culture=neutral, PublicKeyToken=null" name="RegularDBConstructorTest" />
    </UnitTest>
  </TestDefinitions>
  <TestLists>
    <TestList name="Results Not in a List" id="8c84fa94-04c1-424b-9868-57a2d4851a1d" />
    <TestList name="All Loaded Results" id="19431567-8539-422a-85d7-44ee4e166bda" />
  </TestLists>
  <TestEntries>
    <TestEntry testId="3a94c597-c65a-2e03-f6fe-4555e138bd55" executionId="e4a18ad3-ed0c-4481-a3f2-aca0ea62bd2d" testListId="8c84fa94-04c1-424b-9868-57a2d4851a1d" />
    <TestEntry testId="450836f0-8294-ed1d-0695-6b8e9f5b1060" executionId="f93eb1b9-5746-4774-86ba-fcb4db7e5c43" testListId="8c84fa94-04c1-424b-9868-57a2d4851a1d" />
    <TestEntry testId="45cac9ed-2b36-2fbf-286b-e3386c1fd6c8" executionId="b26f4657-dad0-43e6-b9a0-04a3ccac02df" testListId="8c84fa94-04c1-424b-9868-57a2d4851a1d" />
    <TestEntry testId="6d45c867-384c-c120-00ce-ffd4a88c800e" executionId="03fee2f9-3337-4e7f-bf7f-bf5e16bea9a2" testListId="8c84fa94-04c1-424b-9868-57a2d4851a1d" />
    <TestEntry testId="97a1c7de-3225-8ef7-ccc8-2365a1ea1261" executionId="1a5594dc-e981-4e6e-bc90-f70577688a25" testListId="8c84fa94-04c1-424b-9868-57a2d4851a1d" />
    <TestEntry testId="a118f490-a94e-4a83-943c-96333ec4f0fc" executionId="c7b4e16d-7a9f-4d59-800d-02bfa5f0ff24" testListId="8c84fa94-04c1-424b-9868-57a2d4851a1d" />
    <TestEntry testId="a749dd16-f9f6-8d26-5f56-c891201377e4" executionId="13193ac7-f29c-4270-9895-dbbbca696da9" testListId="8c84fa94-04c1-424b-9868-57a2d4851a1d" />
    <TestEntry testId="c814c22a-edb2-7ff0-db48-645329fa8cdb" executionId="3caaca1a-57d2-4ec1-9bd7-4156827eca88" testListId="8c84fa94-04c1-424b-9868-57a2d4851a1d" />
    <TestEntry testId="ca86087a-cbb1-a235-f9ac-37fa25758ebd" executionId="f5f5d111-e0d6-4f51-a0c2-a33011dc7c37" testListId="8c84fa94-04c1-424b-9868-57a2d4851a1d" />
    <TestEntry testId="ed902f38-f48c-1b78-754a-789cfa46d016" executionId="4399391d-3140-4898-879e-439a0df0434e" testListId="8c84fa94-04c1-424b-9868-57a2d4851a1d" />
    <TestEntry testId="f0cb0783-e9de-7d9d-6b95-66c140fed437" executionId="50653938-c1f4-4970-9755-02e59763d7df" testListId="8c84fa94-04c1-424b-9868-57a2d4851a1d" />
    <TestEntry testId="f53cd794-031a-2768-88e8-ea9433585694" executionId="07cb9255-4636-450f-bacd-9e05c903dc70" testListId="8c84fa94-04c1-424b-9868-57a2d4851a1d" />
  </TestEntries>
  <Results>
    <UnitTestResult executionId="e4a18ad3-ed0c-4481-a3f2-aca0ea62bd2d" testId="3a94c597-c65a-2e03-f6fe-4555e138bd55" testName="RegularDBConstructorTest" computerName="PUTNIK-PK" duration="00:05:09.3810000" startTime="2012-06-24T16:35:30.8492000+03:00" endTime="2012-06-24T16:40:40.2302000+03:00" testType="13cdc9d9-ddb5-4fa4-a97d-d965ccfc6d4b" outcome="Aborted" testListId="8c84fa94-04c1-424b-9868-57a2d4851a1d" relativeResultsDirectory="e4a18ad3-ed0c-4481-a3f2-aca0ea62bd2d">
    </UnitTestResult>
    <UnitTestResult executionId="f93eb1b9-5746-4774-86ba-fcb4db7e5c43" testId="450836f0-8294-ed1d-0695-6b8e9f5b1060" testName="ProcessRequestConstructorTest" computerName="PUTNIK-PK" testType="13cdc9d9-ddb5-4fa4-a97d-d965ccfc6d4b" outcome="NotExecuted" testListId="8c84fa94-04c1-424b-9868-57a2d4851a1d" relativeResultsDirectory="f93eb1b9-5746-4774-86ba-fcb4db7e5c43">
    </UnitTestResult>
    <UnitTestResult executionId="b26f4657-dad0-43e6-b9a0-04a3ccac02df" testId="45cac9ed-2b36-2fbf-286b-e3386c1fd6c8" testName="RenderTest" computerName="PUTNIK-PK" testType="13cdc9d9-ddb5-4fa4-a97d-d965ccfc6d4b" outcome="NotExecuted" testListId="8c84fa94-04c1-424b-9868-57a2d4851a1d" relativeResultsDirectory="b26f4657-dad0-43e6-b9a0-04a3ccac02df">
    </UnitTestResult>
    <UnitTestResult executionId="03fee2f9-3337-4e7f-bf7f-bf5e16bea9a2" testId="6d45c867-384c-c120-00ce-ffd4a88c800e" testName="DummyTemplateConstructorTest1" computerName="PUTNIK-PK" testType="13cdc9d9-ddb5-4fa4-a97d-d965ccfc6d4b" outcome="NotExecuted" testListId="8c84fa94-04c1-424b-9868-57a2d4851a1d" relativeResultsDirectory="03fee2f9-3337-4e7f-bf7f-bf5e16bea9a2">
    </UnitTestResult>
    <UnitTestResult executionId="1a5594dc-e981-4e6e-bc90-f70577688a25" testId="97a1c7de-3225-8ef7-ccc8-2365a1ea1261" testName="equalsTest" computerName="PUTNIK-PK" testType="13cdc9d9-ddb5-4fa4-a97d-d965ccfc6d4b" outcome="NotExecuted" testListId="8c84fa94-04c1-424b-9868-57a2d4851a1d" relativeResultsDirectory="1a5594dc-e981-4e6e-bc90-f70577688a25">
    </UnitTestResult>
    <UnitTestResult executionId="c7b4e16d-7a9f-4d59-800d-02bfa5f0ff24" testId="a118f490-a94e-4a83-943c-96333ec4f0fc" testName="getInstanceTest" computerName="PUTNIK-PK" testType="13cdc9d9-ddb5-4fa4-a97d-d965ccfc6d4b" outcome="NotExecuted" testListId="8c84fa94-04c1-424b-9868-57a2d4851a1d" relativeResultsDirectory="c7b4e16d-7a9f-4d59-800d-02bfa5f0ff24">
    </UnitTestResult>
    <UnitTestResult executionId="13193ac7-f29c-4270-9895-dbbbca696da9" testId="a749dd16-f9f6-8d26-5f56-c891201377e4" testName="createArrayTest" computerName="PUTNIK-PK" testType="13cdc9d9-ddb5-4fa4-a97d-d965ccfc6d4b" outcome="NotExecuted" testListId="8c84fa94-04c1-424b-9868-57a2d4851a1d" relativeResultsDirectory="13193ac7-f29c-4270-9895-dbbbca696da9">
    </UnitTestResult>
    <UnitTestResult executionId="3caaca1a-57d2-4ec1-9bd7-4156827eca88" testId="c814c22a-edb2-7ff0-db48-645329fa8cdb" testName="MainTest" computerName="PUTNIK-PK" testType="13cdc9d9-ddb5-4fa4-a97d-d965ccfc6d4b" outcome="NotExecuted" testListId="8c84fa94-04c1-424b-9868-57a2d4851a1d" relativeResultsDirectory="3caaca1a-57d2-4ec1-9bd7-4156827eca88">
    </UnitTestResult>
    <UnitTestResult executionId="f5f5d111-e0d6-4f51-a0c2-a33011dc7c37" testId="ca86087a-cbb1-a235-f9ac-37fa25758ebd" testName="DummyTemplateConstructorTest" computerName="PUTNIK-PK" testType="13cdc9d9-ddb5-4fa4-a97d-d965ccfc6d4b" outcome="NotExecuted" testListId="8c84fa94-04c1-424b-9868-57a2d4851a1d" relativeResultsDirectory="f5f5d111-e0d6-4f51-a0c2-a33011dc7c37">
    </UnitTestResult>
    <UnitTestResult executionId="4399391d-3140-4898-879e-439a0df0434e" testId="ed902f38-f48c-1b78-754a-789cfa46d016" testName="responseTest" computerName="PUTNIK-PK" testType="13cdc9d9-ddb5-4fa4-a97d-d965ccfc6d4b" outcome="NotExecuted" testListId="8c84fa94-04c1-424b-9868-57a2d4851a1d" relativeResultsDirectory="4399391d-3140-4898-879e-439a0df0434e">
    </UnitTestResult>
    <UnitTestResult executionId="50653938-c1f4-4970-9755-02e59763d7df" testId="f0cb0783-e9de-7d9d-6b95-66c140fed437" testName="RenderTest" computerName="PUTNIK-PK" testType="13cdc9d9-ddb5-4fa4-a97d-d965ccfc6d4b" outcome="NotExecuted" testListId="8c84fa94-04c1-424b-9868-57a2d4851a1d" relativeResultsDirectory="50653938-c1f4-4970-9755-02e59763d7df">
    </UnitTestResult>
    <UnitTestResult executionId="07cb9255-4636-450f-bacd-9e05c903dc70" testId="f53cd794-031a-2768-88e8-ea9433585694" testName="requestTest" computerName="PUTNIK-PK" testType="13cdc9d9-ddb5-4fa4-a97d-d965ccfc6d4b" outcome="NotExecuted" testListId="8c84fa94-04c1-424b-9868-57a2d4851a1d" relativeResultsDirectory="07cb9255-4636-450f-bacd-9e05c903dc70">
    </UnitTestResult>
  </Results>
</TestRun>