<?xml version="1.0" encoding="UTF-8"?>
<TestRun id="0e46db12-3e45-4a8a-b629-6a03564fe8ad" name="Putnik@PUTNIK-PK 2012-06-21 16:57:30" runUser="Putnik-Pk\Putnik" xmlns="http://microsoft.com/schemas/VisualStudio/TeamTest/2010">
  <TestSettings name="Local" id="22fcd1b1-de5e-47bf-9496-00c7fd2f38f4">
    <Description>These are default test settings for a local test run.</Description>
    <Deployment enabled="false" runDeploymentRoot="Putnik_PUTNIK-PK 2012-06-21 16_57_30">
      <DeploymentItem filename="C:\Users\Putnik\Documents\Visual Studio 11\Projects\TemplateTask\TemplateTask\bin\Debug\TemplateTask.exe" />
    </Deployment>
    <Execution>
      <TestTypeSpecific />
      <AgentRule name="Execution Agents">
      </AgentRule>
    </Execution>
  </TestSettings>
  <Times creation="2012-06-21T16:57:30.1686000+03:00" queuing="2012-06-21T16:57:33.3816000+03:00" start="2012-06-21T16:57:33.5836000+03:00" finish="2012-06-21T16:58:27.6806000+03:00" />
  <ResultSummary outcome="Error">
    <Counters total="22" executed="3" passed="2" error="0" failed="0" timeout="0" aborted="1" inconclusive="0" passedButRunAborted="0" notRunnable="0" notExecuted="19" disconnected="0" warning="0" completed="0" inProgress="0" pending="0" />
    <RunInfos>
      <RunInfo computerName="PUTNIK-PK" outcome="Error" timestamp="2012-06-21T16:58:27.6106000+03:00">
        <Text>Test host process exited unexpectedly.</Text>
      </RunInfo>
    </RunInfos>
  </ResultSummary>
  <TestDefinitions>
    <UnitTest name="getPatternOutputWriteTest" storage="c:\users\putnik\documents\visual studio 11\projects\templatetask\unittests\bin\debug\unittests.dll" id="b8ce1d27-4f83-278b-654f-89352406b419">
      <Execution id="7dcf5b08-ed15-465f-a06a-2693cb9fcd37" />
      <TestMethod codeBase="C:/Users/Putnik/Documents/Visual Studio 11/Projects/TemplateTask/UnitTests/bin/Debug/UnitTests.DLL" adapterTypeName="Microsoft.VisualStudio.TestTools.TestTypes.Unit.UnitTestAdapter, Microsoft.VisualStudio.QualityTools.Tips.UnitTest.Adapter, Version=11.0.0.0, Culture=neutral, PublicKeyToken=b03f5f7f11d50a3a" className="UnitTests.RegularDBTest, UnitTests, Version=1.0.0.0, Culture=neutral, PublicKeyToken=null" name="getPatternOutputWriteTest" />
    </UnitTest>
    <UnitTest name="RegularDBConstructorTest" storage="c:\users\putnik\documents\visual studio 11\projects\templatetask\unittests\bin\debug\unittests.dll" id="aec6f2d1-ef0c-6eb0-65c5-0262afb7c0c0">
      <Execution id="c85f86e8-3e94-4e60-b3c5-c45475f3edb0" />
      <TestMethod codeBase="C:/Users/Putnik/Documents/Visual Studio 11/Projects/TemplateTask/UnitTests/bin/Debug/UnitTests.DLL" adapterTypeName="Microsoft.VisualStudio.TestTools.TestTypes.Unit.UnitTestAdapter, Microsoft.VisualStudio.QualityTools.Tips.UnitTest.Adapter, Version=11.0.0.0, Culture=neutral, PublicKeyToken=b03f5f7f11d50a3a" className="UnitTests.RegularDBTest, UnitTests, Version=1.0.0.0, Culture=neutral, PublicKeyToken=null" name="RegularDBConstructorTest" />
    </UnitTest>
    <UnitTest name="ProcessRequestConstructorTest" storage="c:\users\putnik\documents\visual studio 11\projects\templatetask\unittests\bin\debug\unittests.dll" id="37b901ef-bd7b-8f4f-7a15-da4cc54a679c">
      <Execution id="7b875ffc-d525-463f-bc3e-f571b73c6874" />
      <TestMethod codeBase="C:/Users/Putnik/Documents/Visual Studio 11/Projects/TemplateTask/UnitTests/bin/Debug/UnitTests.DLL" adapterTypeName="Microsoft.VisualStudio.TestTools.TestTypes.Unit.UnitTestAdapter, Microsoft.VisualStudio.QualityTools.Tips.UnitTest.Adapter, Version=11.0.0.0, Culture=neutral, PublicKeyToken=b03f5f7f11d50a3a" className="UnitTests.ProcessRequestTest, UnitTests, Version=1.0.0.0, Culture=neutral, PublicKeyToken=null" name="ProcessRequestConstructorTest" />
    </UnitTest>
    <UnitTest name="getPatternFigureBraceTest" storage="c:\users\putnik\documents\visual studio 11\projects\templatetask\unittests\bin\debug\unittests.dll" id="909994ad-1ab7-1b87-3756-8871ca52b0f8">
      <Execution id="16b9ccbc-9872-4a6e-918a-55a6ac789c44" />
      <TestMethod codeBase="C:/Users/Putnik/Documents/Visual Studio 11/Projects/TemplateTask/UnitTests/bin/Debug/UnitTests.DLL" adapterTypeName="Microsoft.VisualStudio.TestTools.TestTypes.Unit.UnitTestAdapter, Microsoft.VisualStudio.QualityTools.Tips.UnitTest.Adapter, Version=11.0.0.0, Culture=neutral, PublicKeyToken=b03f5f7f11d50a3a" className="UnitTests.RegularDBTest, UnitTests, Version=1.0.0.0, Culture=neutral, PublicKeyToken=null" name="getPatternFigureBraceTest" />
    </UnitTest>
    <UnitTest name="equalsPatternStarTest" storage="c:\users\putnik\documents\visual studio 11\projects\templatetask\unittests\bin\debug\unittests.dll" id="7f9f0f70-cec9-8f72-2ad4-d53f222a6b0a">
      <DeploymentItems>
        <DeploymentItem filename="TemplateTask.exe" />
      </DeploymentItems>
      <Execution id="f59e32f1-4c81-4a88-818a-74cec72660e1" />
      <TestMethod codeBase="C:/Users/Putnik/Documents/Visual Studio 11/Projects/TemplateTask/UnitTests/bin/Debug/UnitTests.DLL" adapterTypeName="Microsoft.VisualStudio.TestTools.TestTypes.Unit.UnitTestAdapter, Microsoft.VisualStudio.QualityTools.Tips.UnitTest.Adapter, Version=11.0.0.0, Culture=neutral, PublicKeyToken=b03f5f7f11d50a3a" className="UnitTests.ProcessRequestTest, UnitTests, Version=1.0.0.0, Culture=neutral, PublicKeyToken=null" name="equalsPatternStarTest" />
    </UnitTest>
    <UnitTest name="getPatternMathOperationTest" storage="c:\users\putnik\documents\visual studio 11\projects\templatetask\unittests\bin\debug\unittests.dll" id="f80fdde7-f9be-ec90-6556-ca532a9e61bf">
      <Execution id="34d499a7-3af6-4a2f-a481-c1c08c3903a2" />
      <TestMethod codeBase="C:/Users/Putnik/Documents/Visual Studio 11/Projects/TemplateTask/UnitTests/bin/Debug/UnitTests.DLL" adapterTypeName="Microsoft.VisualStudio.TestTools.TestTypes.Unit.UnitTestAdapter, Microsoft.VisualStudio.QualityTools.Tips.UnitTest.Adapter, Version=11.0.0.0, Culture=neutral, PublicKeyToken=b03f5f7f11d50a3a" className="UnitTests.RegularDBTest, UnitTests, Version=1.0.0.0, Culture=neutral, PublicKeyToken=null" name="getPatternMathOperationTest" />
    </UnitTest>
    <UnitTest name="RenderTest" storage="c:\users\putnik\documents\visual studio 11\projects\templatetask\unittests\bin\debug\unittests.dll" id="de5e49c9-d933-eee1-b100-a91d228d8249">
      <Execution id="9a59e8a8-7b13-4efb-b468-33d0470fceab" />
      <TestMethod codeBase="C:/Users/Putnik/Documents/Visual Studio 11/Projects/TemplateTask/UnitTests/bin/Debug/UnitTests.DLL" adapterTypeName="Microsoft.VisualStudio.TestTools.TestTypes.Unit.UnitTestAdapter, Microsoft.VisualStudio.QualityTools.Tips.UnitTest.Adapter, Version=11.0.0.0, Culture=neutral, PublicKeyToken=b03f5f7f11d50a3a" className="UnitTests.ITemplateTest, UnitTests, Version=1.0.0.0, Culture=neutral, PublicKeyToken=null" name="RenderTest" />
    </UnitTest>
    <UnitTest name="equalsOutputWriteTest" storage="c:\users\putnik\documents\visual studio 11\projects\templatetask\unittests\bin\debug\unittests.dll" id="e5f4cab8-c6ab-8b37-a0aa-864f3075bae6">
      <DeploymentItems>
        <DeploymentItem filename="TemplateTask.exe" />
      </DeploymentItems>
      <Execution id="93855720-f1b9-482d-88ff-452d476b6549" />
      <TestMethod codeBase="C:/Users/Putnik/Documents/Visual Studio 11/Projects/TemplateTask/UnitTests/bin/Debug/UnitTests.DLL" adapterTypeName="Microsoft.VisualStudio.TestTools.TestTypes.Unit.UnitTestAdapter, Microsoft.VisualStudio.QualityTools.Tips.UnitTest.Adapter, Version=11.0.0.0, Culture=neutral, PublicKeyToken=b03f5f7f11d50a3a" className="UnitTests.ProcessRequestTest, UnitTests, Version=1.0.0.0, Culture=neutral, PublicKeyToken=null" name="equalsOutputWriteTest" />
    </UnitTest>
    <UnitTest name="equalsCycleTest" storage="c:\users\putnik\documents\visual studio 11\projects\templatetask\unittests\bin\debug\unittests.dll" id="2cafb713-23e9-872e-bb7e-45cb20cd18f1">
      <DeploymentItems>
        <DeploymentItem filename="TemplateTask.exe" />
      </DeploymentItems>
      <Execution id="47a297c4-0d83-416e-ac48-3fe9c7346465" />
      <TestMethod codeBase="C:/Users/Putnik/Documents/Visual Studio 11/Projects/TemplateTask/UnitTests/bin/Debug/UnitTests.DLL" adapterTypeName="Microsoft.VisualStudio.TestTools.TestTypes.Unit.UnitTestAdapter, Microsoft.VisualStudio.QualityTools.Tips.UnitTest.Adapter, Version=11.0.0.0, Culture=neutral, PublicKeyToken=b03f5f7f11d50a3a" className="UnitTests.ProcessRequestTest, UnitTests, Version=1.0.0.0, Culture=neutral, PublicKeyToken=null" name="equalsCycleTest" />
    </UnitTest>
    <UnitTest name="equalsOutputWriteWithCycleTest" storage="c:\users\putnik\documents\visual studio 11\projects\templatetask\unittests\bin\debug\unittests.dll" id="a6bab426-e186-c436-c019-6730cc8e2eff">
      <DeploymentItems>
        <DeploymentItem filename="TemplateTask.exe" />
      </DeploymentItems>
      <Execution id="32616229-bfab-4781-802d-7b537b5f5e35" />
      <TestMethod codeBase="C:/Users/Putnik/Documents/Visual Studio 11/Projects/TemplateTask/UnitTests/bin/Debug/UnitTests.DLL" adapterTypeName="Microsoft.VisualStudio.TestTools.TestTypes.Unit.UnitTestAdapter, Microsoft.VisualStudio.QualityTools.Tips.UnitTest.Adapter, Version=11.0.0.0, Culture=neutral, PublicKeyToken=b03f5f7f11d50a3a" className="UnitTests.ProcessRequestTest, UnitTests, Version=1.0.0.0, Culture=neutral, PublicKeyToken=null" name="equalsOutputWriteWithCycleTest" />
    </UnitTest>
    <UnitTest name="requestTest" storage="c:\users\putnik\documents\visual studio 11\projects\templatetask\unittests\bin\debug\unittests.dll" id="edafcc0d-869b-55d0-47c4-aa60721b8d00">
      <Execution id="a5abdf93-1123-4c20-a2c5-2d7ce87e4b1e" />
      <TestMethod codeBase="C:/Users/Putnik/Documents/Visual Studio 11/Projects/TemplateTask/UnitTests/bin/Debug/UnitTests.DLL" adapterTypeName="Microsoft.VisualStudio.TestTools.TestTypes.Unit.UnitTestAdapter, Microsoft.VisualStudio.QualityTools.Tips.UnitTest.Adapter, Version=11.0.0.0, Culture=neutral, PublicKeyToken=b03f5f7f11d50a3a" className="UnitTests.ProcessRequestTest, UnitTests, Version=1.0.0.0, Culture=neutral, PublicKeyToken=null" name="requestTest" />
    </UnitTest>
    <UnitTest name="ProgramConstructorTest" storage="c:\users\putnik\documents\visual studio 11\projects\templatetask\unittests\bin\debug\unittests.dll" id="080e9ac2-cdb6-aa21-3bd5-0b70615a2fd8">
      <DeploymentItems>
        <DeploymentItem filename="TemplateTask.exe" />
      </DeploymentItems>
      <Execution id="468b6aab-8e54-4ecc-ace3-d93817b9fbfd" />
      <TestMethod codeBase="C:/Users/Putnik/Documents/Visual Studio 11/Projects/TemplateTask/UnitTests/bin/Debug/UnitTests.DLL" adapterTypeName="Microsoft.VisualStudio.TestTools.TestTypes.Unit.UnitTestAdapter, Microsoft.VisualStudio.QualityTools.Tips.UnitTest.Adapter, Version=11.0.0.0, Culture=neutral, PublicKeyToken=b03f5f7f11d50a3a" className="UnitTests.ProgramTest, UnitTests, Version=1.0.0.0, Culture=neutral, PublicKeyToken=null" name="ProgramConstructorTest" />
    </UnitTest>
    <UnitTest name="getPatternCycleTest" storage="c:\users\putnik\documents\visual studio 11\projects\templatetask\unittests\bin\debug\unittests.dll" id="30dd06d3-ba24-3317-d50d-f5d56d32161f">
      <Execution id="d105c936-8a15-4982-9ee5-d4fe33f2b8ea" />
      <TestMethod codeBase="C:/Users/Putnik/Documents/Visual Studio 11/Projects/TemplateTask/UnitTests/bin/Debug/UnitTests.DLL" adapterTypeName="Microsoft.VisualStudio.TestTools.TestTypes.Unit.UnitTestAdapter, Microsoft.VisualStudio.QualityTools.Tips.UnitTest.Adapter, Version=11.0.0.0, Culture=neutral, PublicKeyToken=b03f5f7f11d50a3a" className="UnitTests.RegularDBTest, UnitTests, Version=1.0.0.0, Culture=neutral, PublicKeyToken=null" name="getPatternCycleTest" />
    </UnitTest>
    <UnitTest name="responseTest" storage="c:\users\putnik\documents\visual studio 11\projects\templatetask\unittests\bin\debug\unittests.dll" id="8978fac2-213a-9f7e-7407-e3778a2e42ef">
      <Execution id="6cb8ed0c-8316-4659-a55c-43f7ff68dbba" />
      <TestMethod codeBase="C:/Users/Putnik/Documents/Visual Studio 11/Projects/TemplateTask/UnitTests/bin/Debug/UnitTests.DLL" adapterTypeName="Microsoft.VisualStudio.TestTools.TestTypes.Unit.UnitTestAdapter, Microsoft.VisualStudio.QualityTools.Tips.UnitTest.Adapter, Version=11.0.0.0, Culture=neutral, PublicKeyToken=b03f5f7f11d50a3a" className="UnitTests.ProcessRequestTest, UnitTests, Version=1.0.0.0, Culture=neutral, PublicKeyToken=null" name="responseTest" />
    </UnitTest>
    <UnitTest name="getPatternSimpleMathTest" storage="c:\users\putnik\documents\visual studio 11\projects\templatetask\unittests\bin\debug\unittests.dll" id="cf1d6864-397e-39ce-0c0d-2af6b4ea422f">
      <Execution id="4caf5fb2-4361-4ffc-a5ed-760ce7a1f512" />
      <TestMethod codeBase="C:/Users/Putnik/Documents/Visual Studio 11/Projects/TemplateTask/UnitTests/bin/Debug/UnitTests.DLL" adapterTypeName="Microsoft.VisualStudio.TestTools.TestTypes.Unit.UnitTestAdapter, Microsoft.VisualStudio.QualityTools.Tips.UnitTest.Adapter, Version=11.0.0.0, Culture=neutral, PublicKeyToken=b03f5f7f11d50a3a" className="UnitTests.RegularDBTest, UnitTests, Version=1.0.0.0, Culture=neutral, PublicKeyToken=null" name="getPatternSimpleMathTest" />
    </UnitTest>
    <UnitTest name="getPatternStarTest" storage="c:\users\putnik\documents\visual studio 11\projects\templatetask\unittests\bin\debug\unittests.dll" id="d8802f54-8e90-9ef9-a394-78b99f626283">
      <Execution id="2bf26620-a9c8-473a-ad2b-ac5a72e75800" />
      <TestMethod codeBase="C:/Users/Putnik/Documents/Visual Studio 11/Projects/TemplateTask/UnitTests/bin/Debug/UnitTests.DLL" adapterTypeName="Microsoft.VisualStudio.TestTools.TestTypes.Unit.UnitTestAdapter, Microsoft.VisualStudio.QualityTools.Tips.UnitTest.Adapter, Version=11.0.0.0, Culture=neutral, PublicKeyToken=b03f5f7f11d50a3a" className="UnitTests.RegularDBTest, UnitTests, Version=1.0.0.0, Culture=neutral, PublicKeyToken=null" name="getPatternStarTest" />
    </UnitTest>
    <UnitTest name="getPatternOutputWriteWithCycleTest" storage="c:\users\putnik\documents\visual studio 11\projects\templatetask\unittests\bin\debug\unittests.dll" id="09c01f44-6df8-d1e3-3098-58e6a7c38547">
      <Execution id="a4f4293d-d2d1-4625-97ee-ccaa5851de23" />
      <TestMethod codeBase="C:/Users/Putnik/Documents/Visual Studio 11/Projects/TemplateTask/UnitTests/bin/Debug/UnitTests.DLL" adapterTypeName="Microsoft.VisualStudio.TestTools.TestTypes.Unit.UnitTestAdapter, Microsoft.VisualStudio.QualityTools.Tips.UnitTest.Adapter, Version=11.0.0.0, Culture=neutral, PublicKeyToken=b03f5f7f11d50a3a" className="UnitTests.RegularDBTest, UnitTests, Version=1.0.0.0, Culture=neutral, PublicKeyToken=null" name="getPatternOutputWriteWithCycleTest" />
    </UnitTest>
    <UnitTest name="equalsSimpleMathTest" storage="c:\users\putnik\documents\visual studio 11\projects\templatetask\unittests\bin\debug\unittests.dll" id="efd2ad5a-e411-3218-7f08-2d750a1b064f">
      <DeploymentItems>
        <DeploymentItem filename="TemplateTask.exe" />
      </DeploymentItems>
      <Execution id="9c48256a-c839-41f6-a893-4c81ba38b640" />
      <TestMethod codeBase="C:/Users/Putnik/Documents/Visual Studio 11/Projects/TemplateTask/UnitTests/bin/Debug/UnitTests.DLL" adapterTypeName="Microsoft.VisualStudio.TestTools.TestTypes.Unit.UnitTestAdapter, Microsoft.VisualStudio.QualityTools.Tips.UnitTest.Adapter, Version=11.0.0.0, Culture=neutral, PublicKeyToken=b03f5f7f11d50a3a" className="UnitTests.ProcessRequestTest, UnitTests, Version=1.0.0.0, Culture=neutral, PublicKeyToken=null" name="equalsSimpleMathTest" />
    </UnitTest>
    <UnitTest name="MainTest" storage="c:\users\putnik\documents\visual studio 11\projects\templatetask\unittests\bin\debug\unittests.dll" id="e8d83070-036a-7184-ddfe-8143672ffaaf">
      <DeploymentItems>
        <DeploymentItem filename="TemplateTask.exe" />
      </DeploymentItems>
      <Execution id="1d20e906-64df-4aff-8d0f-51fddbce4798" />
      <TestMethod codeBase="C:/Users/Putnik/Documents/Visual Studio 11/Projects/TemplateTask/UnitTests/bin/Debug/UnitTests.DLL" adapterTypeName="Microsoft.VisualStudio.TestTools.TestTypes.Unit.UnitTestAdapter, Microsoft.VisualStudio.QualityTools.Tips.UnitTest.Adapter, Version=11.0.0.0, Culture=neutral, PublicKeyToken=b03f5f7f11d50a3a" className="UnitTests.ProgramTest, UnitTests, Version=1.0.0.0, Culture=neutral, PublicKeyToken=null" name="MainTest" />
    </UnitTest>
    <UnitTest name="equalsFigureBraceTest" storage="c:\users\putnik\documents\visual studio 11\projects\templatetask\unittests\bin\debug\unittests.dll" id="2cde5847-9c43-5ecb-a41a-a9562f60ea20">
      <DeploymentItems>
        <DeploymentItem filename="TemplateTask.exe" />
      </DeploymentItems>
      <Execution id="0fd8c3a9-8912-4cdf-bff7-a93d5d93fb76" />
      <TestMethod codeBase="C:/Users/Putnik/Documents/Visual Studio 11/Projects/TemplateTask/UnitTests/bin/Debug/UnitTests.DLL" adapterTypeName="Microsoft.VisualStudio.TestTools.TestTypes.Unit.UnitTestAdapter, Microsoft.VisualStudio.QualityTools.Tips.UnitTest.Adapter, Version=11.0.0.0, Culture=neutral, PublicKeyToken=b03f5f7f11d50a3a" className="UnitTests.ProcessRequestTest, UnitTests, Version=1.0.0.0, Culture=neutral, PublicKeyToken=null" name="equalsFigureBraceTest" />
    </UnitTest>
    <UnitTest name="RenderTest" storage="c:\users\putnik\documents\visual studio 11\projects\templatetask\unittests\bin\debug\unittests.dll" id="5cd59b92-49fd-f038-770c-c02c8fb34bb7">
      <DeploymentItems>
        <DeploymentItem filename="TemplateTask.exe" />
      </DeploymentItems>
      <Execution id="0cf3a269-cfed-45a8-94b5-3913ae03ebcd" />
      <TestMethod codeBase="C:/Users/Putnik/Documents/Visual Studio 11/Projects/TemplateTask/UnitTests/bin/Debug/UnitTests.DLL" adapterTypeName="Microsoft.VisualStudio.TestTools.TestTypes.Unit.UnitTestAdapter, Microsoft.VisualStudio.QualityTools.Tips.UnitTest.Adapter, Version=11.0.0.0, Culture=neutral, PublicKeyToken=b03f5f7f11d50a3a" className="UnitTests.ProgramTest, UnitTests, Version=1.0.0.0, Culture=neutral, PublicKeyToken=null" name="RenderTest" />
    </UnitTest>
    <UnitTest name="equalsMathOperationTest" storage="c:\users\putnik\documents\visual studio 11\projects\templatetask\unittests\bin\debug\unittests.dll" id="64d8c3cd-cff4-baf2-e0e8-dc40b323be76">
      <DeploymentItems>
        <DeploymentItem filename="TemplateTask.exe" />
      </DeploymentItems>
      <Execution id="9ebb5428-0585-4521-889b-dc166a319cfa" />
      <TestMethod codeBase="C:/Users/Putnik/Documents/Visual Studio 11/Projects/TemplateTask/UnitTests/bin/Debug/UnitTests.DLL" adapterTypeName="Microsoft.VisualStudio.TestTools.TestTypes.Unit.UnitTestAdapter, Microsoft.VisualStudio.QualityTools.Tips.UnitTest.Adapter, Version=11.0.0.0, Culture=neutral, PublicKeyToken=b03f5f7f11d50a3a" className="UnitTests.ProcessRequestTest, UnitTests, Version=1.0.0.0, Culture=neutral, PublicKeyToken=null" name="equalsMathOperationTest" />
    </UnitTest>
  </TestDefinitions>
  <TestLists>
    <TestList name="Results Not in a List" id="8c84fa94-04c1-424b-9868-57a2d4851a1d" />
    <TestList name="All Loaded Results" id="19431567-8539-422a-85d7-44ee4e166bda" />
  </TestLists>
  <TestEntries>
    <TestEntry testId="080e9ac2-cdb6-aa21-3bd5-0b70615a2fd8" executionId="468b6aab-8e54-4ecc-ace3-d93817b9fbfd" testListId="8c84fa94-04c1-424b-9868-57a2d4851a1d" />
    <TestEntry testId="09c01f44-6df8-d1e3-3098-58e6a7c38547" executionId="a4f4293d-d2d1-4625-97ee-ccaa5851de23" testListId="8c84fa94-04c1-424b-9868-57a2d4851a1d" />
    <TestEntry testId="2cafb713-23e9-872e-bb7e-45cb20cd18f1" executionId="47a297c4-0d83-416e-ac48-3fe9c7346465" testListId="8c84fa94-04c1-424b-9868-57a2d4851a1d" />
    <TestEntry testId="2cde5847-9c43-5ecb-a41a-a9562f60ea20" executionId="0fd8c3a9-8912-4cdf-bff7-a93d5d93fb76" testListId="8c84fa94-04c1-424b-9868-57a2d4851a1d" />
    <TestEntry testId="30dd06d3-ba24-3317-d50d-f5d56d32161f" executionId="d105c936-8a15-4982-9ee5-d4fe33f2b8ea" testListId="8c84fa94-04c1-424b-9868-57a2d4851a1d" />
    <TestEntry testId="37b901ef-bd7b-8f4f-7a15-da4cc54a679c" executionId="7b875ffc-d525-463f-bc3e-f571b73c6874" testListId="8c84fa94-04c1-424b-9868-57a2d4851a1d" />
    <TestEntry testId="5cd59b92-49fd-f038-770c-c02c8fb34bb7" executionId="0cf3a269-cfed-45a8-94b5-3913ae03ebcd" testListId="8c84fa94-04c1-424b-9868-57a2d4851a1d" />
    <TestEntry testId="64d8c3cd-cff4-baf2-e0e8-dc40b323be76" executionId="9ebb5428-0585-4521-889b-dc166a319cfa" testListId="8c84fa94-04c1-424b-9868-57a2d4851a1d" />
    <TestEntry testId="7f9f0f70-cec9-8f72-2ad4-d53f222a6b0a" executionId="f59e32f1-4c81-4a88-818a-74cec72660e1" testListId="8c84fa94-04c1-424b-9868-57a2d4851a1d" />
    <TestEntry testId="8978fac2-213a-9f7e-7407-e3778a2e42ef" executionId="6cb8ed0c-8316-4659-a55c-43f7ff68dbba" testListId="8c84fa94-04c1-424b-9868-57a2d4851a1d" />
    <TestEntry testId="909994ad-1ab7-1b87-3756-8871ca52b0f8" executionId="16b9ccbc-9872-4a6e-918a-55a6ac789c44" testListId="8c84fa94-04c1-424b-9868-57a2d4851a1d" />
    <TestEntry testId="a6bab426-e186-c436-c019-6730cc8e2eff" executionId="32616229-bfab-4781-802d-7b537b5f5e35" testListId="8c84fa94-04c1-424b-9868-57a2d4851a1d" />
    <TestEntry testId="aec6f2d1-ef0c-6eb0-65c5-0262afb7c0c0" executionId="c85f86e8-3e94-4e60-b3c5-c45475f3edb0" testListId="8c84fa94-04c1-424b-9868-57a2d4851a1d" />
    <TestEntry testId="b8ce1d27-4f83-278b-654f-89352406b419" executionId="7dcf5b08-ed15-465f-a06a-2693cb9fcd37" testListId="8c84fa94-04c1-424b-9868-57a2d4851a1d" />
    <TestEntry testId="cf1d6864-397e-39ce-0c0d-2af6b4ea422f" executionId="4caf5fb2-4361-4ffc-a5ed-760ce7a1f512" testListId="8c84fa94-04c1-424b-9868-57a2d4851a1d" />
    <TestEntry testId="d8802f54-8e90-9ef9-a394-78b99f626283" executionId="2bf26620-a9c8-473a-ad2b-ac5a72e75800" testListId="8c84fa94-04c1-424b-9868-57a2d4851a1d" />
    <TestEntry testId="de5e49c9-d933-eee1-b100-a91d228d8249" executionId="9a59e8a8-7b13-4efb-b468-33d0470fceab" testListId="8c84fa94-04c1-424b-9868-57a2d4851a1d" />
    <TestEntry testId="e5f4cab8-c6ab-8b37-a0aa-864f3075bae6" executionId="93855720-f1b9-482d-88ff-452d476b6549" testListId="8c84fa94-04c1-424b-9868-57a2d4851a1d" />
    <TestEntry testId="e8d83070-036a-7184-ddfe-8143672ffaaf" executionId="1d20e906-64df-4aff-8d0f-51fddbce4798" testListId="8c84fa94-04c1-424b-9868-57a2d4851a1d" />
    <TestEntry testId="edafcc0d-869b-55d0-47c4-aa60721b8d00" executionId="a5abdf93-1123-4c20-a2c5-2d7ce87e4b1e" testListId="8c84fa94-04c1-424b-9868-57a2d4851a1d" />
    <TestEntry testId="efd2ad5a-e411-3218-7f08-2d750a1b064f" executionId="9c48256a-c839-41f6-a893-4c81ba38b640" testListId="8c84fa94-04c1-424b-9868-57a2d4851a1d" />
    <TestEntry testId="f80fdde7-f9be-ec90-6556-ca532a9e61bf" executionId="34d499a7-3af6-4a2f-a481-c1c08c3903a2" testListId="8c84fa94-04c1-424b-9868-57a2d4851a1d" />
  </TestEntries>
  <Results>
    <UnitTestResult executionId="468b6aab-8e54-4ecc-ace3-d93817b9fbfd" testId="080e9ac2-cdb6-aa21-3bd5-0b70615a2fd8" testName="ProgramConstructorTest" computerName="PUTNIK-PK" duration="00:00:00.0122257" startTime="2012-06-21T16:57:33.6736000+03:00" endTime="2012-06-21T16:57:34.6546000+03:00" testType="13cdc9d9-ddb5-4fa4-a97d-d965ccfc6d4b" outcome="Passed" testListId="8c84fa94-04c1-424b-9868-57a2d4851a1d" relativeResultsDirectory="468b6aab-8e54-4ecc-ace3-d93817b9fbfd">
    </UnitTestResult>
    <UnitTestResult executionId="a4f4293d-d2d1-4625-97ee-ccaa5851de23" testId="09c01f44-6df8-d1e3-3098-58e6a7c38547" testName="getPatternOutputWriteWithCycleTest" computerName="PUTNIK-PK" duration="00:00:00.0011341" startTime="2012-06-21T16:57:34.6846000+03:00" endTime="2012-06-21T16:57:34.7146000+03:00" testType="13cdc9d9-ddb5-4fa4-a97d-d965ccfc6d4b" outcome="Passed" testListId="8c84fa94-04c1-424b-9868-57a2d4851a1d" relativeResultsDirectory="a4f4293d-d2d1-4625-97ee-ccaa5851de23">
    </UnitTestResult>
    <UnitTestResult executionId="47a297c4-0d83-416e-ac48-3fe9c7346465" testId="2cafb713-23e9-872e-bb7e-45cb20cd18f1" testName="equalsCycleTest" computerName="PUTNIK-PK" duration="00:00:52.9560000" startTime="2012-06-21T16:57:34.7246000+03:00" endTime="2012-06-21T16:58:27.6806000+03:00" testType="13cdc9d9-ddb5-4fa4-a97d-d965ccfc6d4b" outcome="Aborted" testListId="8c84fa94-04c1-424b-9868-57a2d4851a1d" relativeResultsDirectory="47a297c4-0d83-416e-ac48-3fe9c7346465">
    </UnitTestResult>
    <UnitTestResult executionId="0fd8c3a9-8912-4cdf-bff7-a93d5d93fb76" testId="2cde5847-9c43-5ecb-a41a-a9562f60ea20" testName="equalsFigureBraceTest" computerName="PUTNIK-PK" testType="13cdc9d9-ddb5-4fa4-a97d-d965ccfc6d4b" outcome="NotExecuted" testListId="8c84fa94-04c1-424b-9868-57a2d4851a1d" relativeResultsDirectory="0fd8c3a9-8912-4cdf-bff7-a93d5d93fb76">
    </UnitTestResult>
    <UnitTestResult executionId="d105c936-8a15-4982-9ee5-d4fe33f2b8ea" testId="30dd06d3-ba24-3317-d50d-f5d56d32161f" testName="getPatternCycleTest" computerName="PUTNIK-PK" testType="13cdc9d9-ddb5-4fa4-a97d-d965ccfc6d4b" outcome="NotExecuted" testListId="8c84fa94-04c1-424b-9868-57a2d4851a1d" relativeResultsDirectory="d105c936-8a15-4982-9ee5-d4fe33f2b8ea">
    </UnitTestResult>
    <UnitTestResult executionId="7b875ffc-d525-463f-bc3e-f571b73c6874" testId="37b901ef-bd7b-8f4f-7a15-da4cc54a679c" testName="ProcessRequestConstructorTest" computerName="PUTNIK-PK" testType="13cdc9d9-ddb5-4fa4-a97d-d965ccfc6d4b" outcome="NotExecuted" testListId="8c84fa94-04c1-424b-9868-57a2d4851a1d" relativeResultsDirectory="7b875ffc-d525-463f-bc3e-f571b73c6874">
    </UnitTestResult>
    <UnitTestResult executionId="0cf3a269-cfed-45a8-94b5-3913ae03ebcd" testId="5cd59b92-49fd-f038-770c-c02c8fb34bb7" testName="RenderTest" computerName="PUTNIK-PK" testType="13cdc9d9-ddb5-4fa4-a97d-d965ccfc6d4b" outcome="NotExecuted" testListId="8c84fa94-04c1-424b-9868-57a2d4851a1d" relativeResultsDirectory="0cf3a269-cfed-45a8-94b5-3913ae03ebcd">
    </UnitTestResult>
    <UnitTestResult executionId="9ebb5428-0585-4521-889b-dc166a319cfa" testId="64d8c3cd-cff4-baf2-e0e8-dc40b323be76" testName="equalsMathOperationTest" computerName="PUTNIK-PK" testType="13cdc9d9-ddb5-4fa4-a97d-d965ccfc6d4b" outcome="NotExecuted" testListId="8c84fa94-04c1-424b-9868-57a2d4851a1d" relativeResultsDirectory="9ebb5428-0585-4521-889b-dc166a319cfa">
    </UnitTestResult>
    <UnitTestResult executionId="f59e32f1-4c81-4a88-818a-74cec72660e1" testId="7f9f0f70-cec9-8f72-2ad4-d53f222a6b0a" testName="equalsPatternStarTest" computerName="PUTNIK-PK" testType="13cdc9d9-ddb5-4fa4-a97d-d965ccfc6d4b" outcome="NotExecuted" testListId="8c84fa94-04c1-424b-9868-57a2d4851a1d" relativeResultsDirectory="f59e32f1-4c81-4a88-818a-74cec72660e1">
    </UnitTestResult>
    <UnitTestResult executionId="6cb8ed0c-8316-4659-a55c-43f7ff68dbba" testId="8978fac2-213a-9f7e-7407-e3778a2e42ef" testName="responseTest" computerName="PUTNIK-PK" testType="13cdc9d9-ddb5-4fa4-a97d-d965ccfc6d4b" outcome="NotExecuted" testListId="8c84fa94-04c1-424b-9868-57a2d4851a1d" relativeResultsDirectory="6cb8ed0c-8316-4659-a55c-43f7ff68dbba">
    </UnitTestResult>
    <UnitTestResult executionId="16b9ccbc-9872-4a6e-918a-55a6ac789c44" testId="909994ad-1ab7-1b87-3756-8871ca52b0f8" testName="getPatternFigureBraceTest" computerName="PUTNIK-PK" testType="13cdc9d9-ddb5-4fa4-a97d-d965ccfc6d4b" outcome="NotExecuted" testListId="8c84fa94-04c1-424b-9868-57a2d4851a1d" relativeResultsDirectory="16b9ccbc-9872-4a6e-918a-55a6ac789c44">
    </UnitTestResult>
    <UnitTestResult executionId="32616229-bfab-4781-802d-7b537b5f5e35" testId="a6bab426-e186-c436-c019-6730cc8e2eff" testName="equalsOutputWriteWithCycleTest" computerName="PUTNIK-PK" testType="13cdc9d9-ddb5-4fa4-a97d-d965ccfc6d4b" outcome="NotExecuted" testListId="8c84fa94-04c1-424b-9868-57a2d4851a1d" relativeResultsDirectory="32616229-bfab-4781-802d-7b537b5f5e35">
    </UnitTestResult>
    <UnitTestResult executionId="c85f86e8-3e94-4e60-b3c5-c45475f3edb0" testId="aec6f2d1-ef0c-6eb0-65c5-0262afb7c0c0" testName="RegularDBConstructorTest" computerName="PUTNIK-PK" testType="13cdc9d9-ddb5-4fa4-a97d-d965ccfc6d4b" outcome="NotExecuted" testListId="8c84fa94-04c1-424b-9868-57a2d4851a1d" relativeResultsDirectory="c85f86e8-3e94-4e60-b3c5-c45475f3edb0">
    </UnitTestResult>
    <UnitTestResult executionId="7dcf5b08-ed15-465f-a06a-2693cb9fcd37" testId="b8ce1d27-4f83-278b-654f-89352406b419" testName="getPatternOutputWriteTest" computerName="PUTNIK-PK" testType="13cdc9d9-ddb5-4fa4-a97d-d965ccfc6d4b" outcome="NotExecuted" testListId="8c84fa94-04c1-424b-9868-57a2d4851a1d" relativeResultsDirectory="7dcf5b08-ed15-465f-a06a-2693cb9fcd37">
    </UnitTestResult>
    <UnitTestResult executionId="4caf5fb2-4361-4ffc-a5ed-760ce7a1f512" testId="cf1d6864-397e-39ce-0c0d-2af6b4ea422f" testName="getPatternSimpleMathTest" computerName="PUTNIK-PK" testType="13cdc9d9-ddb5-4fa4-a97d-d965ccfc6d4b" outcome="NotExecuted" testListId="8c84fa94-04c1-424b-9868-57a2d4851a1d" relativeResultsDirectory="4caf5fb2-4361-4ffc-a5ed-760ce7a1f512">
    </UnitTestResult>
    <UnitTestResult executionId="2bf26620-a9c8-473a-ad2b-ac5a72e75800" testId="d8802f54-8e90-9ef9-a394-78b99f626283" testName="getPatternStarTest" computerName="PUTNIK-PK" testType="13cdc9d9-ddb5-4fa4-a97d-d965ccfc6d4b" outcome="NotExecuted" testListId="8c84fa94-04c1-424b-9868-57a2d4851a1d" relativeResultsDirectory="2bf26620-a9c8-473a-ad2b-ac5a72e75800">
    </UnitTestResult>
    <UnitTestResult executionId="9a59e8a8-7b13-4efb-b468-33d0470fceab" testId="de5e49c9-d933-eee1-b100-a91d228d8249" testName="RenderTest" computerName="PUTNIK-PK" testType="13cdc9d9-ddb5-4fa4-a97d-d965ccfc6d4b" outcome="NotExecuted" testListId="8c84fa94-04c1-424b-9868-57a2d4851a1d" relativeResultsDirectory="9a59e8a8-7b13-4efb-b468-33d0470fceab">
    </UnitTestResult>
    <UnitTestResult executionId="93855720-f1b9-482d-88ff-452d476b6549" testId="e5f4cab8-c6ab-8b37-a0aa-864f3075bae6" testName="equalsOutputWriteTest" computerName="PUTNIK-PK" testType="13cdc9d9-ddb5-4fa4-a97d-d965ccfc6d4b" outcome="NotExecuted" testListId="8c84fa94-04c1-424b-9868-57a2d4851a1d" relativeResultsDirectory="93855720-f1b9-482d-88ff-452d476b6549">
    </UnitTestResult>
    <UnitTestResult executionId="1d20e906-64df-4aff-8d0f-51fddbce4798" testId="e8d83070-036a-7184-ddfe-8143672ffaaf" testName="MainTest" computerName="PUTNIK-PK" testType="13cdc9d9-ddb5-4fa4-a97d-d965ccfc6d4b" outcome="NotExecuted" testListId="8c84fa94-04c1-424b-9868-57a2d4851a1d" relativeResultsDirectory="1d20e906-64df-4aff-8d0f-51fddbce4798">
    </UnitTestResult>
    <UnitTestResult executionId="a5abdf93-1123-4c20-a2c5-2d7ce87e4b1e" testId="edafcc0d-869b-55d0-47c4-aa60721b8d00" testName="requestTest" computerName="PUTNIK-PK" testType="13cdc9d9-ddb5-4fa4-a97d-d965ccfc6d4b" outcome="NotExecuted" testListId="8c84fa94-04c1-424b-9868-57a2d4851a1d" relativeResultsDirectory="a5abdf93-1123-4c20-a2c5-2d7ce87e4b1e">
    </UnitTestResult>
    <UnitTestResult executionId="9c48256a-c839-41f6-a893-4c81ba38b640" testId="efd2ad5a-e411-3218-7f08-2d750a1b064f" testName="equalsSimpleMathTest" computerName="PUTNIK-PK" testType="13cdc9d9-ddb5-4fa4-a97d-d965ccfc6d4b" outcome="NotExecuted" testListId="8c84fa94-04c1-424b-9868-57a2d4851a1d" relativeResultsDirectory="9c48256a-c839-41f6-a893-4c81ba38b640">
    </UnitTestResult>
    <UnitTestResult executionId="34d499a7-3af6-4a2f-a481-c1c08c3903a2" testId="f80fdde7-f9be-ec90-6556-ca532a9e61bf" testName="getPatternMathOperationTest" computerName="PUTNIK-PK" testType="13cdc9d9-ddb5-4fa4-a97d-d965ccfc6d4b" outcome="NotExecuted" testListId="8c84fa94-04c1-424b-9868-57a2d4851a1d" relativeResultsDirectory="34d499a7-3af6-4a2f-a481-c1c08c3903a2">
    </UnitTestResult>
  </Results>
</TestRun>