<?xml version="1.0" encoding="UTF-8"?>
<TestRun id="9f877fef-0bff-4fc9-9c6a-688ac624e833" name="Putnik@PUTNIK-PK 2012-06-21 16:38:46" runUser="Putnik-Pk\Putnik" xmlns="http://microsoft.com/schemas/VisualStudio/TeamTest/2010">
  <TestSettings name="Local" id="22fcd1b1-de5e-47bf-9496-00c7fd2f38f4">
    <Description>These are default test settings for a local test run.</Description>
    <Deployment enabled="false" runDeploymentRoot="Putnik_PUTNIK-PK 2012-06-21 16_38_46">
      <DeploymentItem filename="C:\Users\Putnik\Documents\Visual Studio 11\Projects\TemplateTask\TemplateTask\bin\Debug\TemplateTask.exe" />
    </Deployment>
    <Execution>
      <TestTypeSpecific />
      <AgentRule name="Execution Agents">
      </AgentRule>
    </Execution>
  </TestSettings>
  <Times creation="2012-06-21T16:38:46.3606000+03:00" queuing="2012-06-21T16:38:49.6296000+03:00" start="2012-06-21T16:38:49.8296000+03:00" finish="2012-06-21T16:43:15.5936000+03:00" />
  <ResultSummary outcome="Error">
    <Counters total="22" executed="2" passed="1" error="0" failed="0" timeout="0" aborted="1" inconclusive="0" passedButRunAborted="0" notRunnable="0" notExecuted="20" disconnected="0" warning="0" completed="0" inProgress="0" pending="0" />
    <RunInfos>
      <RunInfo computerName="PUTNIK-PK" outcome="Error" timestamp="2012-06-21T16:43:15.5936000+03:00">
        <Text>Test host process exited unexpectedly.</Text>
      </RunInfo>
    </RunInfos>
  </ResultSummary>
  <TestDefinitions>
    <UnitTest name="getPatternOutputWriteTest" storage="c:\users\putnik\documents\visual studio 11\projects\templatetask\unittests\bin\debug\unittests.dll" id="b8ce1d27-4f83-278b-654f-89352406b419">
      <Execution id="b8cd8eba-28c1-40d4-971b-0d26c5500a96" />
      <TestMethod codeBase="C:/Users/Putnik/Documents/Visual Studio 11/Projects/TemplateTask/UnitTests/bin/Debug/UnitTests.DLL" adapterTypeName="Microsoft.VisualStudio.TestTools.TestTypes.Unit.UnitTestAdapter, Microsoft.VisualStudio.QualityTools.Tips.UnitTest.Adapter, Version=11.0.0.0, Culture=neutral, PublicKeyToken=b03f5f7f11d50a3a" className="UnitTests.RegularDBTest, UnitTests, Version=1.0.0.0, Culture=neutral, PublicKeyToken=null" name="getPatternOutputWriteTest" />
    </UnitTest>
    <UnitTest name="RegularDBConstructorTest" storage="c:\users\putnik\documents\visual studio 11\projects\templatetask\unittests\bin\debug\unittests.dll" id="aec6f2d1-ef0c-6eb0-65c5-0262afb7c0c0">
      <Execution id="7b2d5b6b-b309-48de-8ad6-81edf23f5081" />
      <TestMethod codeBase="C:/Users/Putnik/Documents/Visual Studio 11/Projects/TemplateTask/UnitTests/bin/Debug/UnitTests.DLL" adapterTypeName="Microsoft.VisualStudio.TestTools.TestTypes.Unit.UnitTestAdapter, Microsoft.VisualStudio.QualityTools.Tips.UnitTest.Adapter, Version=11.0.0.0, Culture=neutral, PublicKeyToken=b03f5f7f11d50a3a" className="UnitTests.RegularDBTest, UnitTests, Version=1.0.0.0, Culture=neutral, PublicKeyToken=null" name="RegularDBConstructorTest" />
    </UnitTest>
    <UnitTest name="ProcessRequestConstructorTest" storage="c:\users\putnik\documents\visual studio 11\projects\templatetask\unittests\bin\debug\unittests.dll" id="37b901ef-bd7b-8f4f-7a15-da4cc54a679c">
      <Execution id="249bb7f5-39ba-48ef-9054-683a91008fd8" />
      <TestMethod codeBase="C:/Users/Putnik/Documents/Visual Studio 11/Projects/TemplateTask/UnitTests/bin/Debug/UnitTests.DLL" adapterTypeName="Microsoft.VisualStudio.TestTools.TestTypes.Unit.UnitTestAdapter, Microsoft.VisualStudio.QualityTools.Tips.UnitTest.Adapter, Version=11.0.0.0, Culture=neutral, PublicKeyToken=b03f5f7f11d50a3a" className="UnitTests.ProcessRequestTest, UnitTests, Version=1.0.0.0, Culture=neutral, PublicKeyToken=null" name="ProcessRequestConstructorTest" />
    </UnitTest>
    <UnitTest name="getPatternFigureBraceTest" storage="c:\users\putnik\documents\visual studio 11\projects\templatetask\unittests\bin\debug\unittests.dll" id="909994ad-1ab7-1b87-3756-8871ca52b0f8">
      <Execution id="2ede4c4d-4599-4188-b660-2870acbbbbb1" />
      <TestMethod codeBase="C:/Users/Putnik/Documents/Visual Studio 11/Projects/TemplateTask/UnitTests/bin/Debug/UnitTests.DLL" adapterTypeName="Microsoft.VisualStudio.TestTools.TestTypes.Unit.UnitTestAdapter, Microsoft.VisualStudio.QualityTools.Tips.UnitTest.Adapter, Version=11.0.0.0, Culture=neutral, PublicKeyToken=b03f5f7f11d50a3a" className="UnitTests.RegularDBTest, UnitTests, Version=1.0.0.0, Culture=neutral, PublicKeyToken=null" name="getPatternFigureBraceTest" />
    </UnitTest>
    <UnitTest name="equalsPatternStarTest" storage="c:\users\putnik\documents\visual studio 11\projects\templatetask\unittests\bin\debug\unittests.dll" id="7f9f0f70-cec9-8f72-2ad4-d53f222a6b0a">
      <DeploymentItems>
        <DeploymentItem filename="TemplateTask.exe" />
      </DeploymentItems>
      <Execution id="62671d40-b1ef-4377-bd82-ed1889ea8d58" />
      <TestMethod codeBase="C:/Users/Putnik/Documents/Visual Studio 11/Projects/TemplateTask/UnitTests/bin/Debug/UnitTests.DLL" adapterTypeName="Microsoft.VisualStudio.TestTools.TestTypes.Unit.UnitTestAdapter, Microsoft.VisualStudio.QualityTools.Tips.UnitTest.Adapter, Version=11.0.0.0, Culture=neutral, PublicKeyToken=b03f5f7f11d50a3a" className="UnitTests.ProcessRequestTest, UnitTests, Version=1.0.0.0, Culture=neutral, PublicKeyToken=null" name="equalsPatternStarTest" />
    </UnitTest>
    <UnitTest name="getPatternMathOperationTest" storage="c:\users\putnik\documents\visual studio 11\projects\templatetask\unittests\bin\debug\unittests.dll" id="f80fdde7-f9be-ec90-6556-ca532a9e61bf">
      <Execution id="4c625efa-c805-4947-8525-6ad63d271769" />
      <TestMethod codeBase="C:/Users/Putnik/Documents/Visual Studio 11/Projects/TemplateTask/UnitTests/bin/Debug/UnitTests.DLL" adapterTypeName="Microsoft.VisualStudio.TestTools.TestTypes.Unit.UnitTestAdapter, Microsoft.VisualStudio.QualityTools.Tips.UnitTest.Adapter, Version=11.0.0.0, Culture=neutral, PublicKeyToken=b03f5f7f11d50a3a" className="UnitTests.RegularDBTest, UnitTests, Version=1.0.0.0, Culture=neutral, PublicKeyToken=null" name="getPatternMathOperationTest" />
    </UnitTest>
    <UnitTest name="RenderTest" storage="c:\users\putnik\documents\visual studio 11\projects\templatetask\unittests\bin\debug\unittests.dll" id="de5e49c9-d933-eee1-b100-a91d228d8249">
      <Execution id="c0b3a958-33ba-40c8-8885-bec80a9a251f" />
      <TestMethod codeBase="C:/Users/Putnik/Documents/Visual Studio 11/Projects/TemplateTask/UnitTests/bin/Debug/UnitTests.DLL" adapterTypeName="Microsoft.VisualStudio.TestTools.TestTypes.Unit.UnitTestAdapter, Microsoft.VisualStudio.QualityTools.Tips.UnitTest.Adapter, Version=11.0.0.0, Culture=neutral, PublicKeyToken=b03f5f7f11d50a3a" className="UnitTests.ITemplateTest, UnitTests, Version=1.0.0.0, Culture=neutral, PublicKeyToken=null" name="RenderTest" />
    </UnitTest>
    <UnitTest name="equalsOutputWriteTest" storage="c:\users\putnik\documents\visual studio 11\projects\templatetask\unittests\bin\debug\unittests.dll" id="e5f4cab8-c6ab-8b37-a0aa-864f3075bae6">
      <DeploymentItems>
        <DeploymentItem filename="TemplateTask.exe" />
      </DeploymentItems>
      <Execution id="fa0a6658-149f-4788-b7fe-dd8c75e872e5" />
      <TestMethod codeBase="C:/Users/Putnik/Documents/Visual Studio 11/Projects/TemplateTask/UnitTests/bin/Debug/UnitTests.DLL" adapterTypeName="Microsoft.VisualStudio.TestTools.TestTypes.Unit.UnitTestAdapter, Microsoft.VisualStudio.QualityTools.Tips.UnitTest.Adapter, Version=11.0.0.0, Culture=neutral, PublicKeyToken=b03f5f7f11d50a3a" className="UnitTests.ProcessRequestTest, UnitTests, Version=1.0.0.0, Culture=neutral, PublicKeyToken=null" name="equalsOutputWriteTest" />
    </UnitTest>
    <UnitTest name="equalsCycleTest" storage="c:\users\putnik\documents\visual studio 11\projects\templatetask\unittests\bin\debug\unittests.dll" id="2cafb713-23e9-872e-bb7e-45cb20cd18f1">
      <DeploymentItems>
        <DeploymentItem filename="TemplateTask.exe" />
      </DeploymentItems>
      <Execution id="100b0d38-9fa4-4f18-8151-0dcad366a6d8" />
      <TestMethod codeBase="C:/Users/Putnik/Documents/Visual Studio 11/Projects/TemplateTask/UnitTests/bin/Debug/UnitTests.DLL" adapterTypeName="Microsoft.VisualStudio.TestTools.TestTypes.Unit.UnitTestAdapter, Microsoft.VisualStudio.QualityTools.Tips.UnitTest.Adapter, Version=11.0.0.0, Culture=neutral, PublicKeyToken=b03f5f7f11d50a3a" className="UnitTests.ProcessRequestTest, UnitTests, Version=1.0.0.0, Culture=neutral, PublicKeyToken=null" name="equalsCycleTest" />
    </UnitTest>
    <UnitTest name="equalsOutputWriteWithCycleTest" storage="c:\users\putnik\documents\visual studio 11\projects\templatetask\unittests\bin\debug\unittests.dll" id="a6bab426-e186-c436-c019-6730cc8e2eff">
      <DeploymentItems>
        <DeploymentItem filename="TemplateTask.exe" />
      </DeploymentItems>
      <Execution id="05fef8df-6554-46a9-9e55-c4c94240ad8b" />
      <TestMethod codeBase="C:/Users/Putnik/Documents/Visual Studio 11/Projects/TemplateTask/UnitTests/bin/Debug/UnitTests.DLL" adapterTypeName="Microsoft.VisualStudio.TestTools.TestTypes.Unit.UnitTestAdapter, Microsoft.VisualStudio.QualityTools.Tips.UnitTest.Adapter, Version=11.0.0.0, Culture=neutral, PublicKeyToken=b03f5f7f11d50a3a" className="UnitTests.ProcessRequestTest, UnitTests, Version=1.0.0.0, Culture=neutral, PublicKeyToken=null" name="equalsOutputWriteWithCycleTest" />
    </UnitTest>
    <UnitTest name="requestTest" storage="c:\users\putnik\documents\visual studio 11\projects\templatetask\unittests\bin\debug\unittests.dll" id="edafcc0d-869b-55d0-47c4-aa60721b8d00">
      <Execution id="6a641d46-7240-4094-a631-085d2328d897" />
      <TestMethod codeBase="C:/Users/Putnik/Documents/Visual Studio 11/Projects/TemplateTask/UnitTests/bin/Debug/UnitTests.DLL" adapterTypeName="Microsoft.VisualStudio.TestTools.TestTypes.Unit.UnitTestAdapter, Microsoft.VisualStudio.QualityTools.Tips.UnitTest.Adapter, Version=11.0.0.0, Culture=neutral, PublicKeyToken=b03f5f7f11d50a3a" className="UnitTests.ProcessRequestTest, UnitTests, Version=1.0.0.0, Culture=neutral, PublicKeyToken=null" name="requestTest" />
    </UnitTest>
    <UnitTest name="ProgramConstructorTest" storage="c:\users\putnik\documents\visual studio 11\projects\templatetask\unittests\bin\debug\unittests.dll" id="080e9ac2-cdb6-aa21-3bd5-0b70615a2fd8">
      <DeploymentItems>
        <DeploymentItem filename="TemplateTask.exe" />
      </DeploymentItems>
      <Execution id="e3e8f4b5-0eab-41d1-9aa6-0fc5a99e7c47" />
      <TestMethod codeBase="C:/Users/Putnik/Documents/Visual Studio 11/Projects/TemplateTask/UnitTests/bin/Debug/UnitTests.DLL" adapterTypeName="Microsoft.VisualStudio.TestTools.TestTypes.Unit.UnitTestAdapter, Microsoft.VisualStudio.QualityTools.Tips.UnitTest.Adapter, Version=11.0.0.0, Culture=neutral, PublicKeyToken=b03f5f7f11d50a3a" className="UnitTests.ProgramTest, UnitTests, Version=1.0.0.0, Culture=neutral, PublicKeyToken=null" name="ProgramConstructorTest" />
    </UnitTest>
    <UnitTest name="getPatternCycleTest" storage="c:\users\putnik\documents\visual studio 11\projects\templatetask\unittests\bin\debug\unittests.dll" id="30dd06d3-ba24-3317-d50d-f5d56d32161f">
      <Execution id="06f612d5-fb4b-455a-a06d-b73a4319be61" />
      <TestMethod codeBase="C:/Users/Putnik/Documents/Visual Studio 11/Projects/TemplateTask/UnitTests/bin/Debug/UnitTests.DLL" adapterTypeName="Microsoft.VisualStudio.TestTools.TestTypes.Unit.UnitTestAdapter, Microsoft.VisualStudio.QualityTools.Tips.UnitTest.Adapter, Version=11.0.0.0, Culture=neutral, PublicKeyToken=b03f5f7f11d50a3a" className="UnitTests.RegularDBTest, UnitTests, Version=1.0.0.0, Culture=neutral, PublicKeyToken=null" name="getPatternCycleTest" />
    </UnitTest>
    <UnitTest name="responseTest" storage="c:\users\putnik\documents\visual studio 11\projects\templatetask\unittests\bin\debug\unittests.dll" id="8978fac2-213a-9f7e-7407-e3778a2e42ef">
      <Execution id="e0e9758b-b431-4e0b-be17-3cf1ff3e5112" />
      <TestMethod codeBase="C:/Users/Putnik/Documents/Visual Studio 11/Projects/TemplateTask/UnitTests/bin/Debug/UnitTests.DLL" adapterTypeName="Microsoft.VisualStudio.TestTools.TestTypes.Unit.UnitTestAdapter, Microsoft.VisualStudio.QualityTools.Tips.UnitTest.Adapter, Version=11.0.0.0, Culture=neutral, PublicKeyToken=b03f5f7f11d50a3a" className="UnitTests.ProcessRequestTest, UnitTests, Version=1.0.0.0, Culture=neutral, PublicKeyToken=null" name="responseTest" />
    </UnitTest>
    <UnitTest name="getPatternSimpleMathTest" storage="c:\users\putnik\documents\visual studio 11\projects\templatetask\unittests\bin\debug\unittests.dll" id="cf1d6864-397e-39ce-0c0d-2af6b4ea422f">
      <Execution id="dd279f49-576d-4046-9c6e-2b78646e7fc8" />
      <TestMethod codeBase="C:/Users/Putnik/Documents/Visual Studio 11/Projects/TemplateTask/UnitTests/bin/Debug/UnitTests.DLL" adapterTypeName="Microsoft.VisualStudio.TestTools.TestTypes.Unit.UnitTestAdapter, Microsoft.VisualStudio.QualityTools.Tips.UnitTest.Adapter, Version=11.0.0.0, Culture=neutral, PublicKeyToken=b03f5f7f11d50a3a" className="UnitTests.RegularDBTest, UnitTests, Version=1.0.0.0, Culture=neutral, PublicKeyToken=null" name="getPatternSimpleMathTest" />
    </UnitTest>
    <UnitTest name="getPatternStarTest" storage="c:\users\putnik\documents\visual studio 11\projects\templatetask\unittests\bin\debug\unittests.dll" id="d8802f54-8e90-9ef9-a394-78b99f626283">
      <Execution id="61261b94-30d8-42d6-b7da-82f6b6b12092" />
      <TestMethod codeBase="C:/Users/Putnik/Documents/Visual Studio 11/Projects/TemplateTask/UnitTests/bin/Debug/UnitTests.DLL" adapterTypeName="Microsoft.VisualStudio.TestTools.TestTypes.Unit.UnitTestAdapter, Microsoft.VisualStudio.QualityTools.Tips.UnitTest.Adapter, Version=11.0.0.0, Culture=neutral, PublicKeyToken=b03f5f7f11d50a3a" className="UnitTests.RegularDBTest, UnitTests, Version=1.0.0.0, Culture=neutral, PublicKeyToken=null" name="getPatternStarTest" />
    </UnitTest>
    <UnitTest name="getPatternOutputWriteWithCycleTest" storage="c:\users\putnik\documents\visual studio 11\projects\templatetask\unittests\bin\debug\unittests.dll" id="09c01f44-6df8-d1e3-3098-58e6a7c38547">
      <Execution id="59a83e7e-2a45-4a9f-b8f7-ddf6ed08b0a4" />
      <TestMethod codeBase="C:/Users/Putnik/Documents/Visual Studio 11/Projects/TemplateTask/UnitTests/bin/Debug/UnitTests.DLL" adapterTypeName="Microsoft.VisualStudio.TestTools.TestTypes.Unit.UnitTestAdapter, Microsoft.VisualStudio.QualityTools.Tips.UnitTest.Adapter, Version=11.0.0.0, Culture=neutral, PublicKeyToken=b03f5f7f11d50a3a" className="UnitTests.RegularDBTest, UnitTests, Version=1.0.0.0, Culture=neutral, PublicKeyToken=null" name="getPatternOutputWriteWithCycleTest" />
    </UnitTest>
    <UnitTest name="equalsSimpleMathTest" storage="c:\users\putnik\documents\visual studio 11\projects\templatetask\unittests\bin\debug\unittests.dll" id="efd2ad5a-e411-3218-7f08-2d750a1b064f">
      <DeploymentItems>
        <DeploymentItem filename="TemplateTask.exe" />
      </DeploymentItems>
      <Execution id="46c01378-f632-49cd-bfe9-c68dbdff5682" />
      <TestMethod codeBase="C:/Users/Putnik/Documents/Visual Studio 11/Projects/TemplateTask/UnitTests/bin/Debug/UnitTests.DLL" adapterTypeName="Microsoft.VisualStudio.TestTools.TestTypes.Unit.UnitTestAdapter, Microsoft.VisualStudio.QualityTools.Tips.UnitTest.Adapter, Version=11.0.0.0, Culture=neutral, PublicKeyToken=b03f5f7f11d50a3a" className="UnitTests.ProcessRequestTest, UnitTests, Version=1.0.0.0, Culture=neutral, PublicKeyToken=null" name="equalsSimpleMathTest" />
    </UnitTest>
    <UnitTest name="MainTest" storage="c:\users\putnik\documents\visual studio 11\projects\templatetask\unittests\bin\debug\unittests.dll" id="e8d83070-036a-7184-ddfe-8143672ffaaf">
      <DeploymentItems>
        <DeploymentItem filename="TemplateTask.exe" />
      </DeploymentItems>
      <Execution id="06b39ad2-84f0-4194-81b9-357f0d3528ec" />
      <TestMethod codeBase="C:/Users/Putnik/Documents/Visual Studio 11/Projects/TemplateTask/UnitTests/bin/Debug/UnitTests.DLL" adapterTypeName="Microsoft.VisualStudio.TestTools.TestTypes.Unit.UnitTestAdapter, Microsoft.VisualStudio.QualityTools.Tips.UnitTest.Adapter, Version=11.0.0.0, Culture=neutral, PublicKeyToken=b03f5f7f11d50a3a" className="UnitTests.ProgramTest, UnitTests, Version=1.0.0.0, Culture=neutral, PublicKeyToken=null" name="MainTest" />
    </UnitTest>
    <UnitTest name="equalsFigureBraceTest" storage="c:\users\putnik\documents\visual studio 11\projects\templatetask\unittests\bin\debug\unittests.dll" id="2cde5847-9c43-5ecb-a41a-a9562f60ea20">
      <DeploymentItems>
        <DeploymentItem filename="TemplateTask.exe" />
      </DeploymentItems>
      <Execution id="de412cc3-ceb0-4586-937c-f48531d5655e" />
      <TestMethod codeBase="C:/Users/Putnik/Documents/Visual Studio 11/Projects/TemplateTask/UnitTests/bin/Debug/UnitTests.DLL" adapterTypeName="Microsoft.VisualStudio.TestTools.TestTypes.Unit.UnitTestAdapter, Microsoft.VisualStudio.QualityTools.Tips.UnitTest.Adapter, Version=11.0.0.0, Culture=neutral, PublicKeyToken=b03f5f7f11d50a3a" className="UnitTests.ProcessRequestTest, UnitTests, Version=1.0.0.0, Culture=neutral, PublicKeyToken=null" name="equalsFigureBraceTest" />
    </UnitTest>
    <UnitTest name="RenderTest" storage="c:\users\putnik\documents\visual studio 11\projects\templatetask\unittests\bin\debug\unittests.dll" id="5cd59b92-49fd-f038-770c-c02c8fb34bb7">
      <DeploymentItems>
        <DeploymentItem filename="TemplateTask.exe" />
      </DeploymentItems>
      <Execution id="5a9beed4-cb33-4b0f-9421-e2af55c67637" />
      <TestMethod codeBase="C:/Users/Putnik/Documents/Visual Studio 11/Projects/TemplateTask/UnitTests/bin/Debug/UnitTests.DLL" adapterTypeName="Microsoft.VisualStudio.TestTools.TestTypes.Unit.UnitTestAdapter, Microsoft.VisualStudio.QualityTools.Tips.UnitTest.Adapter, Version=11.0.0.0, Culture=neutral, PublicKeyToken=b03f5f7f11d50a3a" className="UnitTests.ProgramTest, UnitTests, Version=1.0.0.0, Culture=neutral, PublicKeyToken=null" name="RenderTest" />
    </UnitTest>
    <UnitTest name="equalsMathOperationTest" storage="c:\users\putnik\documents\visual studio 11\projects\templatetask\unittests\bin\debug\unittests.dll" id="64d8c3cd-cff4-baf2-e0e8-dc40b323be76">
      <DeploymentItems>
        <DeploymentItem filename="TemplateTask.exe" />
      </DeploymentItems>
      <Execution id="3d93e11b-c16d-4c75-be83-16eacf7a5b3b" />
      <TestMethod codeBase="C:/Users/Putnik/Documents/Visual Studio 11/Projects/TemplateTask/UnitTests/bin/Debug/UnitTests.DLL" adapterTypeName="Microsoft.VisualStudio.TestTools.TestTypes.Unit.UnitTestAdapter, Microsoft.VisualStudio.QualityTools.Tips.UnitTest.Adapter, Version=11.0.0.0, Culture=neutral, PublicKeyToken=b03f5f7f11d50a3a" className="UnitTests.ProcessRequestTest, UnitTests, Version=1.0.0.0, Culture=neutral, PublicKeyToken=null" name="equalsMathOperationTest" />
    </UnitTest>
  </TestDefinitions>
  <TestLists>
    <TestList name="Results Not in a List" id="8c84fa94-04c1-424b-9868-57a2d4851a1d" />
    <TestList name="All Loaded Results" id="19431567-8539-422a-85d7-44ee4e166bda" />
  </TestLists>
  <TestEntries>
    <TestEntry testId="080e9ac2-cdb6-aa21-3bd5-0b70615a2fd8" executionId="e3e8f4b5-0eab-41d1-9aa6-0fc5a99e7c47" testListId="8c84fa94-04c1-424b-9868-57a2d4851a1d" />
    <TestEntry testId="09c01f44-6df8-d1e3-3098-58e6a7c38547" executionId="59a83e7e-2a45-4a9f-b8f7-ddf6ed08b0a4" testListId="8c84fa94-04c1-424b-9868-57a2d4851a1d" />
    <TestEntry testId="2cafb713-23e9-872e-bb7e-45cb20cd18f1" executionId="100b0d38-9fa4-4f18-8151-0dcad366a6d8" testListId="8c84fa94-04c1-424b-9868-57a2d4851a1d" />
    <TestEntry testId="2cde5847-9c43-5ecb-a41a-a9562f60ea20" executionId="de412cc3-ceb0-4586-937c-f48531d5655e" testListId="8c84fa94-04c1-424b-9868-57a2d4851a1d" />
    <TestEntry testId="30dd06d3-ba24-3317-d50d-f5d56d32161f" executionId="06f612d5-fb4b-455a-a06d-b73a4319be61" testListId="8c84fa94-04c1-424b-9868-57a2d4851a1d" />
    <TestEntry testId="37b901ef-bd7b-8f4f-7a15-da4cc54a679c" executionId="249bb7f5-39ba-48ef-9054-683a91008fd8" testListId="8c84fa94-04c1-424b-9868-57a2d4851a1d" />
    <TestEntry testId="5cd59b92-49fd-f038-770c-c02c8fb34bb7" executionId="5a9beed4-cb33-4b0f-9421-e2af55c67637" testListId="8c84fa94-04c1-424b-9868-57a2d4851a1d" />
    <TestEntry testId="64d8c3cd-cff4-baf2-e0e8-dc40b323be76" executionId="3d93e11b-c16d-4c75-be83-16eacf7a5b3b" testListId="8c84fa94-04c1-424b-9868-57a2d4851a1d" />
    <TestEntry testId="7f9f0f70-cec9-8f72-2ad4-d53f222a6b0a" executionId="62671d40-b1ef-4377-bd82-ed1889ea8d58" testListId="8c84fa94-04c1-424b-9868-57a2d4851a1d" />
    <TestEntry testId="8978fac2-213a-9f7e-7407-e3778a2e42ef" executionId="e0e9758b-b431-4e0b-be17-3cf1ff3e5112" testListId="8c84fa94-04c1-424b-9868-57a2d4851a1d" />
    <TestEntry testId="909994ad-1ab7-1b87-3756-8871ca52b0f8" executionId="2ede4c4d-4599-4188-b660-2870acbbbbb1" testListId="8c84fa94-04c1-424b-9868-57a2d4851a1d" />
    <TestEntry testId="a6bab426-e186-c436-c019-6730cc8e2eff" executionId="05fef8df-6554-46a9-9e55-c4c94240ad8b" testListId="8c84fa94-04c1-424b-9868-57a2d4851a1d" />
    <TestEntry testId="aec6f2d1-ef0c-6eb0-65c5-0262afb7c0c0" executionId="7b2d5b6b-b309-48de-8ad6-81edf23f5081" testListId="8c84fa94-04c1-424b-9868-57a2d4851a1d" />
    <TestEntry testId="b8ce1d27-4f83-278b-654f-89352406b419" executionId="b8cd8eba-28c1-40d4-971b-0d26c5500a96" testListId="8c84fa94-04c1-424b-9868-57a2d4851a1d" />
    <TestEntry testId="cf1d6864-397e-39ce-0c0d-2af6b4ea422f" executionId="dd279f49-576d-4046-9c6e-2b78646e7fc8" testListId="8c84fa94-04c1-424b-9868-57a2d4851a1d" />
    <TestEntry testId="d8802f54-8e90-9ef9-a394-78b99f626283" executionId="61261b94-30d8-42d6-b7da-82f6b6b12092" testListId="8c84fa94-04c1-424b-9868-57a2d4851a1d" />
    <TestEntry testId="de5e49c9-d933-eee1-b100-a91d228d8249" executionId="c0b3a958-33ba-40c8-8885-bec80a9a251f" testListId="8c84fa94-04c1-424b-9868-57a2d4851a1d" />
    <TestEntry testId="e5f4cab8-c6ab-8b37-a0aa-864f3075bae6" executionId="fa0a6658-149f-4788-b7fe-dd8c75e872e5" testListId="8c84fa94-04c1-424b-9868-57a2d4851a1d" />
    <TestEntry testId="e8d83070-036a-7184-ddfe-8143672ffaaf" executionId="06b39ad2-84f0-4194-81b9-357f0d3528ec" testListId="8c84fa94-04c1-424b-9868-57a2d4851a1d" />
    <TestEntry testId="edafcc0d-869b-55d0-47c4-aa60721b8d00" executionId="6a641d46-7240-4094-a631-085d2328d897" testListId="8c84fa94-04c1-424b-9868-57a2d4851a1d" />
    <TestEntry testId="efd2ad5a-e411-3218-7f08-2d750a1b064f" executionId="46c01378-f632-49cd-bfe9-c68dbdff5682" testListId="8c84fa94-04c1-424b-9868-57a2d4851a1d" />
    <TestEntry testId="f80fdde7-f9be-ec90-6556-ca532a9e61bf" executionId="4c625efa-c805-4947-8525-6ad63d271769" testListId="8c84fa94-04c1-424b-9868-57a2d4851a1d" />
  </TestEntries>
  <Results>
    <UnitTestResult executionId="e3e8f4b5-0eab-41d1-9aa6-0fc5a99e7c47" testId="080e9ac2-cdb6-aa21-3bd5-0b70615a2fd8" testName="ProgramConstructorTest" computerName="PUTNIK-PK" duration="00:00:00.0124887" startTime="2012-06-21T16:38:49.9096000+03:00" endTime="2012-06-21T16:38:50.9396000+03:00" testType="13cdc9d9-ddb5-4fa4-a97d-d965ccfc6d4b" outcome="Passed" testListId="8c84fa94-04c1-424b-9868-57a2d4851a1d" relativeResultsDirectory="e3e8f4b5-0eab-41d1-9aa6-0fc5a99e7c47">
    </UnitTestResult>
    <UnitTestResult executionId="59a83e7e-2a45-4a9f-b8f7-ddf6ed08b0a4" testId="09c01f44-6df8-d1e3-3098-58e6a7c38547" testName="getPatternOutputWriteWithCycleTest" computerName="PUTNIK-PK" duration="00:04:24.6240000" startTime="2012-06-21T16:38:50.9696000+03:00" endTime="2012-06-21T16:43:15.5936000+03:00" testType="13cdc9d9-ddb5-4fa4-a97d-d965ccfc6d4b" outcome="Aborted" testListId="8c84fa94-04c1-424b-9868-57a2d4851a1d" relativeResultsDirectory="59a83e7e-2a45-4a9f-b8f7-ddf6ed08b0a4">
    </UnitTestResult>
    <UnitTestResult executionId="100b0d38-9fa4-4f18-8151-0dcad366a6d8" testId="2cafb713-23e9-872e-bb7e-45cb20cd18f1" testName="equalsCycleTest" computerName="PUTNIK-PK" testType="13cdc9d9-ddb5-4fa4-a97d-d965ccfc6d4b" outcome="NotExecuted" testListId="8c84fa94-04c1-424b-9868-57a2d4851a1d" relativeResultsDirectory="100b0d38-9fa4-4f18-8151-0dcad366a6d8">
    </UnitTestResult>
    <UnitTestResult executionId="de412cc3-ceb0-4586-937c-f48531d5655e" testId="2cde5847-9c43-5ecb-a41a-a9562f60ea20" testName="equalsFigureBraceTest" computerName="PUTNIK-PK" testType="13cdc9d9-ddb5-4fa4-a97d-d965ccfc6d4b" outcome="NotExecuted" testListId="8c84fa94-04c1-424b-9868-57a2d4851a1d" relativeResultsDirectory="de412cc3-ceb0-4586-937c-f48531d5655e">
    </UnitTestResult>
    <UnitTestResult executionId="06f612d5-fb4b-455a-a06d-b73a4319be61" testId="30dd06d3-ba24-3317-d50d-f5d56d32161f" testName="getPatternCycleTest" computerName="PUTNIK-PK" testType="13cdc9d9-ddb5-4fa4-a97d-d965ccfc6d4b" outcome="NotExecuted" testListId="8c84fa94-04c1-424b-9868-57a2d4851a1d" relativeResultsDirectory="06f612d5-fb4b-455a-a06d-b73a4319be61">
    </UnitTestResult>
    <UnitTestResult executionId="249bb7f5-39ba-48ef-9054-683a91008fd8" testId="37b901ef-bd7b-8f4f-7a15-da4cc54a679c" testName="ProcessRequestConstructorTest" computerName="PUTNIK-PK" testType="13cdc9d9-ddb5-4fa4-a97d-d965ccfc6d4b" outcome="NotExecuted" testListId="8c84fa94-04c1-424b-9868-57a2d4851a1d" relativeResultsDirectory="249bb7f5-39ba-48ef-9054-683a91008fd8">
    </UnitTestResult>
    <UnitTestResult executionId="5a9beed4-cb33-4b0f-9421-e2af55c67637" testId="5cd59b92-49fd-f038-770c-c02c8fb34bb7" testName="RenderTest" computerName="PUTNIK-PK" testType="13cdc9d9-ddb5-4fa4-a97d-d965ccfc6d4b" outcome="NotExecuted" testListId="8c84fa94-04c1-424b-9868-57a2d4851a1d" relativeResultsDirectory="5a9beed4-cb33-4b0f-9421-e2af55c67637">
    </UnitTestResult>
    <UnitTestResult executionId="3d93e11b-c16d-4c75-be83-16eacf7a5b3b" testId="64d8c3cd-cff4-baf2-e0e8-dc40b323be76" testName="equalsMathOperationTest" computerName="PUTNIK-PK" testType="13cdc9d9-ddb5-4fa4-a97d-d965ccfc6d4b" outcome="NotExecuted" testListId="8c84fa94-04c1-424b-9868-57a2d4851a1d" relativeResultsDirectory="3d93e11b-c16d-4c75-be83-16eacf7a5b3b">
    </UnitTestResult>
    <UnitTestResult executionId="62671d40-b1ef-4377-bd82-ed1889ea8d58" testId="7f9f0f70-cec9-8f72-2ad4-d53f222a6b0a" testName="equalsPatternStarTest" computerName="PUTNIK-PK" testType="13cdc9d9-ddb5-4fa4-a97d-d965ccfc6d4b" outcome="NotExecuted" testListId="8c84fa94-04c1-424b-9868-57a2d4851a1d" relativeResultsDirectory="62671d40-b1ef-4377-bd82-ed1889ea8d58">
    </UnitTestResult>
    <UnitTestResult executionId="e0e9758b-b431-4e0b-be17-3cf1ff3e5112" testId="8978fac2-213a-9f7e-7407-e3778a2e42ef" testName="responseTest" computerName="PUTNIK-PK" testType="13cdc9d9-ddb5-4fa4-a97d-d965ccfc6d4b" outcome="NotExecuted" testListId="8c84fa94-04c1-424b-9868-57a2d4851a1d" relativeResultsDirectory="e0e9758b-b431-4e0b-be17-3cf1ff3e5112">
    </UnitTestResult>
    <UnitTestResult executionId="2ede4c4d-4599-4188-b660-2870acbbbbb1" testId="909994ad-1ab7-1b87-3756-8871ca52b0f8" testName="getPatternFigureBraceTest" computerName="PUTNIK-PK" testType="13cdc9d9-ddb5-4fa4-a97d-d965ccfc6d4b" outcome="NotExecuted" testListId="8c84fa94-04c1-424b-9868-57a2d4851a1d" relativeResultsDirectory="2ede4c4d-4599-4188-b660-2870acbbbbb1">
    </UnitTestResult>
    <UnitTestResult executionId="05fef8df-6554-46a9-9e55-c4c94240ad8b" testId="a6bab426-e186-c436-c019-6730cc8e2eff" testName="equalsOutputWriteWithCycleTest" computerName="PUTNIK-PK" testType="13cdc9d9-ddb5-4fa4-a97d-d965ccfc6d4b" outcome="NotExecuted" testListId="8c84fa94-04c1-424b-9868-57a2d4851a1d" relativeResultsDirectory="05fef8df-6554-46a9-9e55-c4c94240ad8b">
    </UnitTestResult>
    <UnitTestResult executionId="7b2d5b6b-b309-48de-8ad6-81edf23f5081" testId="aec6f2d1-ef0c-6eb0-65c5-0262afb7c0c0" testName="RegularDBConstructorTest" computerName="PUTNIK-PK" testType="13cdc9d9-ddb5-4fa4-a97d-d965ccfc6d4b" outcome="NotExecuted" testListId="8c84fa94-04c1-424b-9868-57a2d4851a1d" relativeResultsDirectory="7b2d5b6b-b309-48de-8ad6-81edf23f5081">
    </UnitTestResult>
    <UnitTestResult executionId="b8cd8eba-28c1-40d4-971b-0d26c5500a96" testId="b8ce1d27-4f83-278b-654f-89352406b419" testName="getPatternOutputWriteTest" computerName="PUTNIK-PK" testType="13cdc9d9-ddb5-4fa4-a97d-d965ccfc6d4b" outcome="NotExecuted" testListId="8c84fa94-04c1-424b-9868-57a2d4851a1d" relativeResultsDirectory="b8cd8eba-28c1-40d4-971b-0d26c5500a96">
    </UnitTestResult>
    <UnitTestResult executionId="dd279f49-576d-4046-9c6e-2b78646e7fc8" testId="cf1d6864-397e-39ce-0c0d-2af6b4ea422f" testName="getPatternSimpleMathTest" computerName="PUTNIK-PK" testType="13cdc9d9-ddb5-4fa4-a97d-d965ccfc6d4b" outcome="NotExecuted" testListId="8c84fa94-04c1-424b-9868-57a2d4851a1d" relativeResultsDirectory="dd279f49-576d-4046-9c6e-2b78646e7fc8">
    </UnitTestResult>
    <UnitTestResult executionId="61261b94-30d8-42d6-b7da-82f6b6b12092" testId="d8802f54-8e90-9ef9-a394-78b99f626283" testName="getPatternStarTest" computerName="PUTNIK-PK" testType="13cdc9d9-ddb5-4fa4-a97d-d965ccfc6d4b" outcome="NotExecuted" testListId="8c84fa94-04c1-424b-9868-57a2d4851a1d" relativeResultsDirectory="61261b94-30d8-42d6-b7da-82f6b6b12092">
    </UnitTestResult>
    <UnitTestResult executionId="c0b3a958-33ba-40c8-8885-bec80a9a251f" testId="de5e49c9-d933-eee1-b100-a91d228d8249" testName="RenderTest" computerName="PUTNIK-PK" testType="13cdc9d9-ddb5-4fa4-a97d-d965ccfc6d4b" outcome="NotExecuted" testListId="8c84fa94-04c1-424b-9868-57a2d4851a1d" relativeResultsDirectory="c0b3a958-33ba-40c8-8885-bec80a9a251f">
    </UnitTestResult>
    <UnitTestResult executionId="fa0a6658-149f-4788-b7fe-dd8c75e872e5" testId="e5f4cab8-c6ab-8b37-a0aa-864f3075bae6" testName="equalsOutputWriteTest" computerName="PUTNIK-PK" testType="13cdc9d9-ddb5-4fa4-a97d-d965ccfc6d4b" outcome="NotExecuted" testListId="8c84fa94-04c1-424b-9868-57a2d4851a1d" relativeResultsDirectory="fa0a6658-149f-4788-b7fe-dd8c75e872e5">
    </UnitTestResult>
    <UnitTestResult executionId="06b39ad2-84f0-4194-81b9-357f0d3528ec" testId="e8d83070-036a-7184-ddfe-8143672ffaaf" testName="MainTest" computerName="PUTNIK-PK" testType="13cdc9d9-ddb5-4fa4-a97d-d965ccfc6d4b" outcome="NotExecuted" testListId="8c84fa94-04c1-424b-9868-57a2d4851a1d" relativeResultsDirectory="06b39ad2-84f0-4194-81b9-357f0d3528ec">
    </UnitTestResult>
    <UnitTestResult executionId="6a641d46-7240-4094-a631-085d2328d897" testId="edafcc0d-869b-55d0-47c4-aa60721b8d00" testName="requestTest" computerName="PUTNIK-PK" testType="13cdc9d9-ddb5-4fa4-a97d-d965ccfc6d4b" outcome="NotExecuted" testListId="8c84fa94-04c1-424b-9868-57a2d4851a1d" relativeResultsDirectory="6a641d46-7240-4094-a631-085d2328d897">
    </UnitTestResult>
    <UnitTestResult executionId="46c01378-f632-49cd-bfe9-c68dbdff5682" testId="efd2ad5a-e411-3218-7f08-2d750a1b064f" testName="equalsSimpleMathTest" computerName="PUTNIK-PK" testType="13cdc9d9-ddb5-4fa4-a97d-d965ccfc6d4b" outcome="NotExecuted" testListId="8c84fa94-04c1-424b-9868-57a2d4851a1d" relativeResultsDirectory="46c01378-f632-49cd-bfe9-c68dbdff5682">
    </UnitTestResult>
    <UnitTestResult executionId="4c625efa-c805-4947-8525-6ad63d271769" testId="f80fdde7-f9be-ec90-6556-ca532a9e61bf" testName="getPatternMathOperationTest" computerName="PUTNIK-PK" testType="13cdc9d9-ddb5-4fa4-a97d-d965ccfc6d4b" outcome="NotExecuted" testListId="8c84fa94-04c1-424b-9868-57a2d4851a1d" relativeResultsDirectory="4c625efa-c805-4947-8525-6ad63d271769">
    </UnitTestResult>
  </Results>
</TestRun>