<?xml version="1.0" encoding="UTF-8"?>
<TestRun id="4b700abd-5216-4c33-87a8-c54e69fd11d5" name="Putnik@PUTNIK-PK 2012-06-21 00:15:00" runUser="Putnik-Pk\Putnik" xmlns="http://microsoft.com/schemas/VisualStudio/TeamTest/2010">
  <TestSettings name="Local" id="22fcd1b1-de5e-47bf-9496-00c7fd2f38f4">
    <Description>These are default test settings for a local test run.</Description>
    <Deployment enabled="false" runDeploymentRoot="Putnik_PUTNIK-PK 2012-06-21 00_15_00">
      <DeploymentItem filename="c:\users\putnik\documents\visual studio 11\Projects\TemplateTask\TemplateTask\bin\Debug\TemplateTask.exe" />
    </Deployment>
    <Execution>
      <TestTypeSpecific />
      <AgentRule name="Execution Agents">
      </AgentRule>
    </Execution>
  </TestSettings>
  <Times creation="2012-06-21T00:15:00.5330000+03:00" queuing="2012-06-21T00:15:16.5450000+03:00" start="2012-06-21T00:15:16.8450000+03:00" finish="2012-06-21T00:16:02.9468000+03:00" />
  <ResultSummary outcome="Error">
    <Counters total="3" executed="1" error="0" failed="0" timeout="0" aborted="1" inconclusive="0" passedButRunAborted="0" notRunnable="0" notExecuted="2" disconnected="0" warning="0" passed="0" completed="0" inProgress="0" pending="0" />
    <RunInfos>
      <RunInfo computerName="PUTNIK-PK" outcome="Warning" timestamp="2012-06-21T00:15:01.2430000+03:00">
        <Text>Deployment is currently disabled. The deployment item 'TemplateTask.exe' on test 'TestProject.ProgramTest.ProgramConstructorTest' was not deployed.</Text>
      </RunInfo>
      <RunInfo computerName="PUTNIK-PK" outcome="Error" timestamp="2012-06-21T00:16:02.7488000+03:00">
        <Text>Test host process exited unexpectedly.</Text>
      </RunInfo>
    </RunInfos>
  </ResultSummary>
  <TestDefinitions>
    <UnitTest name="ProgramConstructorTest" storage="c:\users\putnik\documents\visual studio 11\projects\templatetask\testproject\bin\debug\testproject.dll" id="fe8e1ed9-031a-cb7f-9647-c12561366105">
      <DeploymentItems>
        <DeploymentItem filename="TemplateTask.exe" />
      </DeploymentItems>
      <Execution id="d30faeda-182e-4a60-9fc3-ea0795c8bfec" />
      <TestMethod codeBase="c:/users/putnik/documents/visual studio 11/Projects/TemplateTask/TestProject/bin/Debug/TestProject.DLL" adapterTypeName="Microsoft.VisualStudio.TestTools.TestTypes.Unit.UnitTestAdapter, Microsoft.VisualStudio.QualityTools.Tips.UnitTest.Adapter, Version=11.0.0.0, Culture=neutral, PublicKeyToken=b03f5f7f11d50a3a" className="TestProject.ProgramTest, TestProject, Version=1.0.0.0, Culture=neutral, PublicKeyToken=null" name="ProgramConstructorTest" />
    </UnitTest>
    <UnitTest name="MainTest" storage="c:\users\putnik\documents\visual studio 11\projects\templatetask\testproject\bin\debug\testproject.dll" id="b4e05061-4fe6-a875-dbeb-a3814a9e10d5">
      <DeploymentItems>
        <DeploymentItem filename="TemplateTask.exe" />
      </DeploymentItems>
      <Execution id="9498d8bb-8a50-4df3-b40e-e29dbd992815" />
      <TestMethod codeBase="c:/users/putnik/documents/visual studio 11/Projects/TemplateTask/TestProject/bin/Debug/TestProject.DLL" adapterTypeName="Microsoft.VisualStudio.TestTools.TestTypes.Unit.UnitTestAdapter, Microsoft.VisualStudio.QualityTools.Tips.UnitTest.Adapter, Version=11.0.0.0, Culture=neutral, PublicKeyToken=b03f5f7f11d50a3a" className="TestProject.ProgramTest, TestProject, Version=1.0.0.0, Culture=neutral, PublicKeyToken=null" name="MainTest" />
    </UnitTest>
    <UnitTest name="RenderTest" storage="c:\users\putnik\documents\visual studio 11\projects\templatetask\testproject\bin\debug\testproject.dll" id="c617a7a2-94ff-3af8-09c1-2cb4b30c8330">
      <DeploymentItems>
        <DeploymentItem filename="TemplateTask.exe" />
      </DeploymentItems>
      <Execution id="d7aba89c-5596-4303-9110-3036c0f218f2" />
      <TestMethod codeBase="c:/users/putnik/documents/visual studio 11/Projects/TemplateTask/TestProject/bin/Debug/TestProject.DLL" adapterTypeName="Microsoft.VisualStudio.TestTools.TestTypes.Unit.UnitTestAdapter, Microsoft.VisualStudio.QualityTools.Tips.UnitTest.Adapter, Version=11.0.0.0, Culture=neutral, PublicKeyToken=b03f5f7f11d50a3a" className="TestProject.ProgramTest, TestProject, Version=1.0.0.0, Culture=neutral, PublicKeyToken=null" name="RenderTest" />
    </UnitTest>
  </TestDefinitions>
  <TestLists>
    <TestList name="Results Not in a List" id="8c84fa94-04c1-424b-9868-57a2d4851a1d" />
    <TestList name="All Loaded Results" id="19431567-8539-422a-85d7-44ee4e166bda" />
  </TestLists>
  <TestEntries>
    <TestEntry testId="b4e05061-4fe6-a875-dbeb-a3814a9e10d5" executionId="9498d8bb-8a50-4df3-b40e-e29dbd992815" testListId="8c84fa94-04c1-424b-9868-57a2d4851a1d" />
    <TestEntry testId="c617a7a2-94ff-3af8-09c1-2cb4b30c8330" executionId="d7aba89c-5596-4303-9110-3036c0f218f2" testListId="8c84fa94-04c1-424b-9868-57a2d4851a1d" />
    <TestEntry testId="fe8e1ed9-031a-cb7f-9647-c12561366105" executionId="d30faeda-182e-4a60-9fc3-ea0795c8bfec" testListId="8c84fa94-04c1-424b-9868-57a2d4851a1d" />
  </TestEntries>
  <Results>
    <UnitTestResult executionId="9498d8bb-8a50-4df3-b40e-e29dbd992815" testId="b4e05061-4fe6-a875-dbeb-a3814a9e10d5" testName="MainTest" computerName="PUTNIK-PK" duration="00:00:45.9208000" startTime="2012-06-21T00:15:17.0260000+03:00" endTime="2012-06-21T00:16:02.9468000+03:00" testType="13cdc9d9-ddb5-4fa4-a97d-d965ccfc6d4b" outcome="Aborted" testListId="8c84fa94-04c1-424b-9868-57a2d4851a1d" relativeResultsDirectory="9498d8bb-8a50-4df3-b40e-e29dbd992815">
    </UnitTestResult>
    <UnitTestResult executionId="d7aba89c-5596-4303-9110-3036c0f218f2" testId="c617a7a2-94ff-3af8-09c1-2cb4b30c8330" testName="RenderTest" computerName="PUTNIK-PK" testType="13cdc9d9-ddb5-4fa4-a97d-d965ccfc6d4b" outcome="NotExecuted" testListId="8c84fa94-04c1-424b-9868-57a2d4851a1d" relativeResultsDirectory="d7aba89c-5596-4303-9110-3036c0f218f2">
    </UnitTestResult>
    <UnitTestResult executionId="d30faeda-182e-4a60-9fc3-ea0795c8bfec" testId="fe8e1ed9-031a-cb7f-9647-c12561366105" testName="ProgramConstructorTest" computerName="PUTNIK-PK" testType="13cdc9d9-ddb5-4fa4-a97d-d965ccfc6d4b" outcome="NotExecuted" testListId="8c84fa94-04c1-424b-9868-57a2d4851a1d" relativeResultsDirectory="d30faeda-182e-4a60-9fc3-ea0795c8bfec">
    </UnitTestResult>
  </Results>
</TestRun>